Component: ARM Compiler 5.05 update 1 (build 106) Tool: armlink [4d0efa]

==============================================================================

Section Cross References

    main.o(i.Blink) refers to rt_cmsis.o(i.osDelay) for osDelay
    main.o(i.main) refers to rt_cmsis.o(i.osKernelInitialize) for osKernelInitialize
    main.o(i.main) refers to system_mk64f12.o(i.SystemInit) for SystemInit
    main.o(i.main) refers to main.o(i.LED_Initialize) for LED_Initialize
    main.o(i.main) refers to rt_cmsis.o(i.osThreadCreate) for osThreadCreate
    main.o(i.main) refers to rt_cmsis.o(i.osKernelStart) for osKernelStart
    main.o(i.main) refers to main.o(.constdata) for os_thread_def_Blink
    main.o(.constdata) refers to main.o(i.Blink) for Blink
    rtx_conf_cm.o(.emb_text) refers to rt_cmsis.o(i.osKernelInitialize) for osKernelInitialize
    rtx_conf_cm.o(.emb_text) refers to rt_cmsis.o(i.osThreadCreate) for osThreadCreate
    rtx_conf_cm.o(.emb_text) refers to rt_cmsis.o(i.osKernelStart) for osKernelStart
    rtx_conf_cm.o(.emb_text) refers to exit.o(.text) for exit
    rtx_conf_cm.o(.emb_text) refers to rtx_conf_cm.o(.data) for os_thread_def_main
    rtx_conf_cm.o(i.__user_perthread_libspace) refers to rt_task.o(i.rt_tsk_self) for rt_tsk_self
    rtx_conf_cm.o(i.__user_perthread_libspace) refers to rt_cmsis.o(.data) for os_running
    rtx_conf_cm.o(i.__user_perthread_libspace) refers to rtx_conf_cm.o(.bss) for .bss
    rtx_conf_cm.o(i.__user_perthread_libspace) refers to libspace.o(.bss) for __libspace_start
    rtx_conf_cm.o(i._mutex_acquire) refers to rt_cmsis.o(.data) for os_running
    rtx_conf_cm.o(i._mutex_acquire) refers to rt_mutex.o(i.rt_mut_wait) for rt_mut_wait
    rtx_conf_cm.o(i._mutex_initialize) refers to rt_mutex.o(i.rt_mut_init) for rt_mut_init
    rtx_conf_cm.o(i._mutex_initialize) refers to rtx_conf_cm.o(.data) for .data
    rtx_conf_cm.o(i._mutex_initialize) refers to rtx_conf_cm.o(.bss) for .bss
    rtx_conf_cm.o(i._mutex_release) refers to rt_cmsis.o(.data) for os_running
    rtx_conf_cm.o(i._mutex_release) refers to rt_mutex.o(i.rt_mut_release) for rt_mut_release
    rtx_conf_cm.o(.constdata) refers to rt_cmsis.o(i.osTimerThread) for osTimerThread
    rtx_conf_cm.o(.constdata) refers to rtx_conf_cm.o(.bss) for os_messageQ_q_osTimerMessageQ
    rtx_conf_cm.o(.data) refers to main.o(i.main) for main
    startup_mk64f12.o(STACK) refers (Special) to heapauxi.o(.text) for __use_two_region_memory
    startup_mk64f12.o(HEAP) refers (Special) to heapauxi.o(.text) for __use_two_region_memory
    startup_mk64f12.o(RESET) refers (Special) to heapauxi.o(.text) for __use_two_region_memory
    startup_mk64f12.o(RESET) refers to startup_mk64f12.o(STACK) for __initial_sp
    startup_mk64f12.o(RESET) refers to startup_mk64f12.o(.text) for Reset_Handler
    startup_mk64f12.o(RESET) refers to hal_cm4.o(.emb_text) for SVC_Handler
    startup_mk64f12.o(.ARM.__at_0x400) refers (Special) to heapauxi.o(.text) for __use_two_region_memory
    startup_mk64f12.o(.text) refers (Special) to heapauxi.o(.text) for __use_two_region_memory
    startup_mk64f12.o(.text) refers to system_mk64f12.o(i.SystemInit) for SystemInit
    startup_mk64f12.o(.text) refers to __main.o(!!!main) for __main
    startup_mk64f12.o(.text) refers to startup_mk64f12.o(HEAP) for Heap_Mem
    startup_mk64f12.o(.text) refers to startup_mk64f12.o(STACK) for Stack_Mem
    system_mk64f12.o(i.SystemCoreClockUpdate) refers to system_mk64f12.o(.data) for SystemCoreClock
    rt_cmsis.o(i.isrMessageGet) refers to rt_mailbox.o(i.isr_mbx_receive) for isr_mbx_receive
    rt_cmsis.o(i.isrMessagePut) refers to rt_mailbox.o(i.rt_mbx_check) for rt_mbx_check
    rt_cmsis.o(i.isrMessagePut) refers to rt_mailbox.o(i.isr_mbx_send) for isr_mbx_send
    rt_cmsis.o(i.isrSemaphoreRelease) refers to rt_cmsis.o(i.rt_id2obj) for rt_id2obj
    rt_cmsis.o(i.isrSemaphoreRelease) refers to rt_semaphore.o(i.isr_sem_send) for isr_sem_send
    rt_cmsis.o(i.isrSignalSet) refers to rt_cmsis.o(i.rt_tid2ptcb) for rt_tid2ptcb
    rt_cmsis.o(i.isrSignalSet) refers to rt_event.o(i.isr_evt_set) for isr_evt_set
    rt_cmsis.o(i.osDelay) refers to rt_cmsis.o(i.svcDelay) for svcDelay
    rt_cmsis.o(i.osKernelInitialize) refers to rt_cmsis.o(i.svcKernelInitialize) for svcKernelInitialize
    rt_cmsis.o(i.osKernelRunning) refers to rt_cmsis.o(i.svcKernelRunning) for svcKernelRunning
    rt_cmsis.o(i.osKernelRunning) refers to rt_cmsis.o(.data) for .data
    rt_cmsis.o(i.osKernelStart) refers to rtx_conf_cm.o(.constdata) for os_flags
    rt_cmsis.o(i.osKernelStart) refers to rt_cmsis.o(i.svcKernelStart) for svcKernelStart
    rt_cmsis.o(i.osKernelSysTick) refers to rt_cmsis.o(i.svcKernelSysTick) for svcKernelSysTick
    rt_cmsis.o(i.osMailAlloc) refers to rt_cmsis.o(i.sysMailAlloc) for sysMailAlloc
    rt_cmsis.o(i.osMailCAlloc) refers to rt_cmsis.o(i.sysMailAlloc) for sysMailAlloc
    rt_cmsis.o(i.osMailCreate) refers to rt_cmsis.o(i.svcMailCreate) for svcMailCreate
[...]
    libinit.o(.ARM.Collect$$libinit$$00000000) refers (Special) to libinit2.o(.ARM.Collect$$libinit$$0000001F) for __rt_lib_init_fp_trap_1
    libinit.o(.ARM.Collect$$libinit$$00000000) refers (Special) to libinit2.o(.ARM.Collect$$libinit$$00000023) for __rt_lib_init_getenv_1
    libinit.o(.ARM.Collect$$libinit$$00000000) refers (Special) to libinit2.o(.ARM.Collect$$libinit$$0000000A) for __rt_lib_init_heap_1
    libinit.o(.ARM.Collect$$libinit$$00000000) refers (Special) to libinit2.o(.ARM.Collect$$libinit$$00000011) for __rt_lib_init_lc_collate_1
    libinit.o(.ARM.Collect$$libinit$$00000000) refers (Special) to libinit2.o(.ARM.Collect$$libinit$$00000013) for __rt_lib_init_lc_ctype_1
    libinit.o(.ARM.Collect$$libinit$$00000000) refers (Special) to libinit2.o(.ARM.Collect$$libinit$$00000015) for __rt_lib_init_lc_monetary_1
    libinit.o(.ARM.Collect$$libinit$$00000000) refers (Special) to libinit2.o(.ARM.Collect$$libinit$$00000017) for __rt_lib_init_lc_numeric_1
    libinit.o(.ARM.Collect$$libinit$$00000000) refers (Special) to libinit2.o(.ARM.Collect$$libinit$$00000019) for __rt_lib_init_lc_time_1
    libinit.o(.ARM.Collect$$libinit$$00000000) refers (Special) to libinit2.o(.ARM.Collect$$libinit$$00000004) for __rt_lib_init_preinit_1
    libinit.o(.ARM.Collect$$libinit$$00000000) refers (Special) to libinit2.o(.ARM.Collect$$libinit$$0000000E) for __rt_lib_init_rand_1
    libinit.o(.ARM.Collect$$libinit$$00000000) refers (Special) to libinit2.o(.ARM.Collect$$libinit$$00000033) for __rt_lib_init_return
    libinit.o(.ARM.Collect$$libinit$$00000000) refers (Special) to libinit2.o(.ARM.Collect$$libinit$$0000001D) for __rt_lib_init_signal_1
    libinit.o(.ARM.Collect$$libinit$$00000000) refers (Special) to libinit2.o(.ARM.Collect$$libinit$$00000025) for __rt_lib_init_stdio_1
    libinit.o(.ARM.Collect$$libinit$$00000000) refers (Special) to libinit2.o(.ARM.Collect$$libinit$$0000000C) for __rt_lib_init_user_alloc_1
    libshutdown.o(.ARM.Collect$$libshutdown$$00000000) refers (Special) to libshutdown2.o(.ARM.Collect$$libshutdown$$00000006) for __rt_lib_shutdown_fp_trap_1
    libshutdown.o(.ARM.Collect$$libshutdown$$00000000) refers (Special) to libshutdown2.o(.ARM.Collect$$libshutdown$$0000000E) for __rt_lib_shutdown_heap_1
    libshutdown.o(.ARM.Collect$$libshutdown$$00000000) refers (Special) to libshutdown2.o(.ARM.Collect$$libshutdown$$0000000F) for __rt_lib_shutdown_return
    libshutdown.o(.ARM.Collect$$libshutdown$$00000000) refers (Special) to libshutdown2.o(.ARM.Collect$$libshutdown$$00000009) for __rt_lib_shutdown_signal_1
    libshutdown.o(.ARM.Collect$$libshutdown$$00000000) refers (Special) to libshutdown2.o(.ARM.Collect$$libshutdown$$00000003) for __rt_lib_shutdown_stdio_1
    libshutdown.o(.ARM.Collect$$libshutdown$$00000000) refers (Special) to libshutdown2.o(.ARM.Collect$$libshutdown$$0000000B) for __rt_lib_shutdown_user_alloc_1
    rt_raise.o(.text) refers to __raise.o(.text) for __raise
    rt_raise.o(.text) refers to sys_exit.o(.text) for _sys_exit
    defsig_exit.o(.text) refers to sys_exit.o(.text) for _sys_exit
    defsig_fpe_inner.o(.text) refers to defsig_general.o(.text) for __default_signal_display
    libinit2.o(.ARM.Collect$$libinit$$00000001) refers to fpinit.o(x$fpl$fpinit) for _fp_init
    libinit2.o(.ARM.Collect$$libinit$$00000010) refers to libinit2.o(.ARM.Collect$$libinit$$0000000F) for .ARM.Collect$$libinit$$0000000F
    libinit2.o(.ARM.Collect$$libinit$$00000012) refers to libinit2.o(.ARM.Collect$$libinit$$0000000F) for .ARM.Collect$$libinit$$0000000F
    libinit2.o(.ARM.Collect$$libinit$$00000014) refers to libinit2.o(.ARM.Collect$$libinit$$0000000F) for .ARM.Collect$$libinit$$0000000F
    libinit2.o(.ARM.Collect$$libinit$$00000016) refers to libinit2.o(.ARM.Collect$$libinit$$0000000F) for .ARM.Collect$$libinit$$0000000F
    libinit2.o(.ARM.Collect$$libinit$$00000018) refers to libinit2.o(.ARM.Collect$$libinit$$0000000F) for .ARM.Collect$$libinit$$0000000F
    libinit2.o(.ARM.Collect$$libinit$$00000026) refers to argv_veneer.o(.emb_text) for __ARM_argv_veneer
    libinit2.o(.ARM.Collect$$libinit$$00000027) refers to argv_veneer.o(.emb_text) for __ARM_argv_veneer
    __raise.o(.text) refers to defsig.o(CL$$defsig) for __default_signal_handler
    defsig_general.o(.text) refers to sys_wrch.o(.text) for _ttywrch
    argv_veneer.o(.emb_text) refers to no_argv.o(.text) for __ARM_get_argv
    sys_wrch.o(.text) refers (Special) to use_no_semi.o(.text) for __I$use$semihosting
    sys_wrch.o(.text) refers (Special) to indicate_semi.o(.text) for __semihosting_library_function
    defsig.o(CL$$defsig) refers to defsig_fpe_inner.o(.text) for __rt_SIGFPE_inner
    defsig.o(CL$$defsig) refers to defsig_rtmem_inner.o(.text) for __rt_SIGRTMEM_inner
    _get_argv_nomalloc.o(.text) refers (Special) to hrguard.o(.text) for __heap_region$guard
    _get_argv_nomalloc.o(.text) refers to defsig_rtmem_outer.o(.text) for __rt_SIGRTMEM
    _get_argv_nomalloc.o(.text) refers to sys_command.o(.text) for _sys_command_string
    sys_command.o(.text) refers (Special) to use_no_semi.o(.text) for __I$use$semihosting
    sys_command.o(.text) refers (Special) to indicate_semi.o(.text) for __semihosting_library_function
    defsig_abrt_inner.o(.text) refers to defsig_general.o(.text) for __default_signal_display
    defsig_rtred_inner.o(.text) refers to defsig_general.o(.text) for __default_signal_display
    defsig_rtmem_inner.o(.text) refers to defsig_general.o(.text) for __default_signal_display
    defsig_rtmem_outer.o(.text) refers to defsig_rtmem_inner.o(.text) for __rt_SIGRTMEM_inner
    defsig_rtmem_outer.o(.text) refers to defsig_exit.o(.text) for __sig_exit
    defsig_rtmem_formal.o(.text) refers to rt_raise.o(.text) for __rt_raise
    defsig_stak_inner.o(.text) refers to defsig_general.o(.text) for __default_signal_display
    defsig_pvfn_inner.o(.text) refers to defsig_general.o(.text) for __default_signal_display
    defsig_cppl_inner.o(.text) refers to defsig_general.o(.text) for __default_signal_display
    defsig_segv_inner.o(.text) refers to defsig_general.o(.text) for __default_signal_display
    defsig_other.o(.text) refers to defsig_general.o(.text) for __default_signal_display


==============================================================================

Removing Unused input sections from the image.

    Removing main.o(.rev16_text), (4 bytes).
    Removing main.o(.revsh_text), (4 bytes).
    Removing main.o(.rrx_text), (6 bytes).
    Removing rtx_conf_cm.o(i.__user_perthread_libspace), (44 bytes).
    Removing rtx_conf_cm.o(i._mutex_initialize), (44 bytes).
    Removing system_mk64f12.o(.rev16_text), (4 bytes).
    Removing system_mk64f12.o(.revsh_text), (4 bytes).
    Removing system_mk64f12.o(.rrx_text), (6 bytes).
    Removing system_mk64f12.o(i.SystemCoreClockUpdate), (344 bytes).
    Removing system_mk64f12.o(.data), (4 bytes).
    Removing rt_cmsis.o(.rev16_text), (4 bytes).
    Removing rt_cmsis.o(.revsh_text), (4 bytes).
    Removing rt_cmsis.o(.rrx_text), (6 bytes).
    Removing rt_cmsis.o(i.isrSemaphoreRelease), (40 bytes).
    Removing rt_cmsis.o(i.isrSignalSet), (36 bytes).
    Removing rt_cmsis.o(i.osKernelRunning), (36 bytes).
    Removing rt_cmsis.o(i.osKernelSysTick), (24 bytes).
    Removing rt_cmsis.o(i.osMailAlloc), (32 bytes).
    Removing rt_cmsis.o(i.osMailCAlloc), (32 bytes).
    Removing rt_cmsis.o(i.osMailCreate), (48 bytes).
    Removing rt_cmsis.o(i.osMailFree), (28 bytes).
    Removing rt_cmsis.o(i.osMailGet), (22 bytes).
    Removing rt_cmsis.o(i.osMailPut), (20 bytes).
    Removing rt_cmsis.o(i.osMessageCreate), (48 bytes).
    Removing rt_cmsis.o(i.osMessagePut), (24 bytes).
    Removing rt_cmsis.o(i.osMutexCreate), (48 bytes).
    Removing rt_cmsis.o(i.osMutexDelete), (24 bytes).
    Removing rt_cmsis.o(i.osMutexRelease), (24 bytes).
    Removing rt_cmsis.o(i.osMutexWait), (24 bytes).
    Removing rt_cmsis.o(i.osPoolAlloc), (36 bytes).
    Removing rt_cmsis.o(i.osPoolCAlloc), (36 bytes).
    Removing rt_cmsis.o(i.osPoolCreate), (48 bytes).
    Removing rt_cmsis.o(i.osPoolFree), (32 bytes).
    Removing rt_cmsis.o(i.osSemaphoreCreate), (48 bytes).
    Removing rt_cmsis.o(i.osSemaphoreDelete), (24 bytes).
    Removing rt_cmsis.o(i.osSemaphoreRelease), (24 bytes).
    Removing rt_cmsis.o(i.osSemaphoreWait), (24 bytes).
    Removing rt_cmsis.o(i.osSignalClear), (24 bytes).
    Removing rt_cmsis.o(i.osSignalSet), (24 bytes).
    Removing rt_cmsis.o(i.osSignalWait), (24 bytes).
    Removing rt_cmsis.o(i.osThreadGetId), (24 bytes).
    Removing rt_cmsis.o(i.osThreadGetPriority), (24 bytes).
    Removing rt_cmsis.o(i.osThreadSetPriority), (24 bytes).
    Removing rt_cmsis.o(i.osThreadTerminate), (24 bytes).
    Removing rt_cmsis.o(i.osThreadYield), (24 bytes).
    Removing rt_cmsis.o(i.osTimerCreate), (52 bytes).
    Removing rt_cmsis.o(i.osTimerDelete), (24 bytes).
    Removing rt_cmsis.o(i.osTimerStart), (24 bytes).
    Removing rt_cmsis.o(i.osTimerStop), (24 bytes).
    Removing rt_cmsis.o(i.osWait), (4 bytes).
    Removing rt_cmsis.o(i.os_resume), (12 bytes).
    Removing rt_cmsis.o(i.os_suspend), (12 bytes).
    Removing rt_cmsis.o(i.rt_clr_box), (20 bytes).
    Removing rt_cmsis.o(i.rt_timer_remove), (60 bytes).
    Removing rt_cmsis.o(i.svcKernelRunning), (12 bytes).
    Removing rt_cmsis.o(i.svcKernelSysTick), (56 bytes).
    Removing rt_cmsis.o(i.svcMailCreate), (66 bytes).
    Removing rt_cmsis.o(i.svcMessagePut), (54 bytes).
    Removing rt_cmsis.o(i.svcMutexCreate), (28 bytes).
    Removing rt_cmsis.o(i.svcMutexDelete), (26 bytes).
    Removing rt_cmsis.o(i.svcMutexRelease), (34 bytes).
    Removing rt_cmsis.o(i.svcMutexWait), (54 bytes).
    Removing rt_cmsis.o(i.svcPoolCreate), (40 bytes).
    Removing rt_cmsis.o(i.svcSemaphoreCreate), (36 bytes).
    Removing rt_cmsis.o(i.svcSemaphoreDelete), (26 bytes).
    Removing rt_cmsis.o(i.svcSemaphoreRelease), (40 bytes).
    Removing rt_cmsis.o(i.svcSemaphoreWait), (50 bytes).
    Removing rt_cmsis.o(i.svcSignalClear), (36 bytes).
    Removing rt_cmsis.o(i.svcSignalSet), (36 bytes).
    Removing rt_cmsis.o(i.svcSignalWait), (84 bytes).
    Removing rt_cmsis.o(i.svcThreadGetPriority), (18 bytes).
    Removing rt_cmsis.o(i.svcThreadSetPriority), (46 bytes).
    Removing rt_cmsis.o(i.svcThreadYield), (10 bytes).
    Removing rt_cmsis.o(i.svcTimerCreate), (56 bytes).
    Removing rt_cmsis.o(i.svcTimerDelete), (40 bytes).
    Removing rt_cmsis.o(i.svcTimerStart), (100 bytes).
    Removing rt_cmsis.o(i.svcTimerStop), (36 bytes).
    Removing rt_cmsis.o(i.sysMailAlloc), (112 bytes).
    Removing rt_cmsis.o(i.sysMailFree), (96 bytes).
    Removing rt_cmsis.o(i.sysPoolAlloc), (32 bytes).
    Removing rt_cmsis.o(i.sysPoolFree), (20 bytes).
    Removing rt_cmsis.o(i.sysUserTimerUpdate), (48 bytes).
    Removing rt_cmsis.o(i.sysUserTimerWakeupTime), (20 bytes).
    Removing rt_task.o(i.rt_tsk_pass), (48 bytes).
    Removing rt_mutex.o(i.rt_mut_delete), (176 bytes).
    Removing rt_mutex.o(i.rt_mut_init), (16 bytes).
    Removing rt_system.o(.emb_text), (0 bytes).
    Removing rt_system.o(i.os_tick_ovf), (16 bytes).
    Removing rt_system.o(i.os_tick_val), (20 bytes).
    Removing rt_system.o(i.rt_resume), (136 bytes).
    Removing rt_system.o(i.rt_suspend), (36 bytes).
    Removing rt_system.o(i.rt_tsk_lock), (80 bytes).
    Removing rt_system.o(i.rt_tsk_unlock), (80 bytes).
    Removing rt_event.o(i.isr_evt_set), (40 bytes).
    Removing rt_event.o(i.rt_evt_clr), (28 bytes).
    Removing rt_event.o(i.rt_evt_get), (12 bytes).
    Removing rt_event.o(i.rt_evt_set), (92 bytes).
    Removing rt_event.o(i.rt_evt_wait), (60 bytes).
    Removing rt_list.o(i.rt_get_same_rdy_prio), (36 bytes).
    Removing rt_mailbox.o(i.rt_mbx_send), (152 bytes).
    Removing rt_semaphore.o(i.isr_sem_send), (16 bytes).
    Removing rt_semaphore.o(i.rt_sem_delete), (92 bytes).
    Removing rt_semaphore.o(i.rt_sem_init), (12 bytes).
    Removing rt_semaphore.o(i.rt_sem_send), (42 bytes).
    Removing rt_semaphore.o(i.rt_sem_wait), (64 bytes).
    Removing rt_time.o(i.rt_itv_set), (24 bytes).
    Removing rt_time.o(i.rt_itv_wait), (40 bytes).
    Removing rt_time.o(i.rt_time_get), (12 bytes).
    Removing rt_membox.o(i._calloc_box), (30 bytes).

109 unused section(s) (total 4356 bytes) removed from the image.

==============================================================================

Image Symbol Table

    Local Symbols

    Symbol Name                              Value     Ov Type        Size  Object(Section)

    RESET                                    0x00000000   Section     1024  startup_mk64f12.o(RESET)
    ../clib/angel/boardlib.s                 0x00000000   Number         0  boardinit1.o ABSOLUTE
    ../clib/angel/boardlib.s                 0x00000000   Number         0  boardinit2.o ABSOLUTE
    ../clib/angel/boardlib.s                 0x00000000   Number         0  boardshut.o ABSOLUTE
    ../clib/angel/handlers.s                 0x00000000   Number         0  __scatter_copy.o ABSOLUTE
    ../clib/angel/handlers.s                 0x00000000   Number         0  __scatter_zi.o ABSOLUTE
    ../clib/angel/kernel.s                   0x00000000   Number         0  rtexit.o ABSOLUTE
    ../clib/angel/kernel.s                   0x00000000   Number         0  __rtentry.o ABSOLUTE
    ../clib/angel/kernel.s                   0x00000000   Number         0  rtexit2.o ABSOLUTE
    ../clib/angel/kernel.s                   0x00000000   Number         0  __rtentry4.o ABSOLUTE
    ../clib/angel/kernel.s                   0x00000000   Number         0  __rtentry2.o ABSOLUTE
    ../clib/angel/rt.s                       0x00000000   Number         0  rt_raise.o ABSOLUTE
    ../clib/angel/rt.s                       0x00000000   Number         0  rt_div0.o ABSOLUTE
    ../clib/angel/rt.s                       0x00000000   Number         0  aeabi_ldiv0_sigfpe.o ABSOLUTE
    ../clib/angel/rt.s                       0x00000000   Number         0  aeabi_ldiv0.o ABSOLUTE
    ../clib/angel/scatter.s                  0x00000000   Number         0  __scatter.o ABSOLUTE
    ../clib/angel/startup.s                  0x00000000   Number         0  __main.o ABSOLUTE
    ../clib/angel/sys.s                      0x00000000   Number         0  libspace.o ABSOLUTE
    ../clib/angel/sys.s                      0x00000000   Number         0  indicate_semi.o ABSOLUTE
    ../clib/angel/sys.s                      0x00000000   Number         0  use_no_semi.o ABSOLUTE
    ../clib/angel/sys.s                      0x00000000   Number         0  sys_stackheap_outer.o ABSOLUTE
    ../clib/angel/sysapp.c                   0x00000000   Number         0  sys_wrch.o ABSOLUTE
    ../clib/angel/sysapp.c                   0x00000000   Number         0  sys_command.o ABSOLUTE
    ../clib/angel/sysapp.c                   0x00000000   Number         0  sys_exit.o ABSOLUTE
    ../clib/armsys.c                         0x00000000   Number         0  argv_veneer.o ABSOLUTE
    ../clib/armsys.c                         0x00000000   Number         0  argv_veneer.o ABSOLUTE
    ../clib/armsys.c                         0x00000000   Number         0  _get_argv_nomalloc.o ABSOLUTE
    ../clib/armsys.c                         0x00000000   Number         0  no_argv.o ABSOLUTE
    ../clib/heapalloc.c                      0x00000000   Number         0  hrguard.o ABSOLUTE
    ../clib/heapaux.c                        0x00000000   Number         0  heapauxi.o ABSOLUTE
    ../clib/libinit.s                        0x00000000   Number         0  libshutdown2.o ABSOLUTE
    ../clib/libinit.s                        0x00000000   Number         0  libinit2.o ABSOLUTE
    ../clib/libinit.s                        0x00000000   Number         0  libshutdown.o ABSOLUTE
    ../clib/libinit.s                        0x00000000   Number         0  libinit.o ABSOLUTE
    ../clib/longlong.s                       0x00000000   Number         0  lludivv7m.o ABSOLUTE
    ../clib/signal.c                         0x00000000   Number         0  defsig_abrt_inner.o ABSOLUTE
    ../clib/signal.c                         0x00000000   Number         0  defsig_general.o ABSOLUTE
    ../clib/signal.c                         0x00000000   Number         0  __raise.o ABSOLUTE
    ../clib/signal.c                         0x00000000   Number         0  defsig_fpe_inner.o ABSOLUTE
    ../clib/signal.c                         0x00000000   Number         0  defsig_exit.o ABSOLUTE
    ../clib/signal.c                         0x00000000   Number         0  defsig_fpe_formal.o ABSOLUTE
    ../clib/signal.c                         0x00000000   Number         0  defsig_fpe_outer.o ABSOLUTE
    ../clib/signal.c                         0x00000000   Number         0  defsig_segv_inner.o ABSOLUTE
    ../clib/signal.c                         0x00000000   Number         0  defsig_other.o ABSOLUTE
    ../clib/signal.c                         0x00000000   Number         0  defsig_cppl_inner.o ABSOLUTE
    ../clib/signal.c                         0x00000000   Number         0  defsig_pvfn_inner.o ABSOLUTE
    ../clib/signal.c                         0x00000000   Number         0  defsig_stak_inner.o ABSOLUTE
    ../clib/signal.c                         0x00000000   Number         0  defsig_rtmem_formal.o ABSOLUTE
    ../clib/signal.c                         0x00000000   Number         0  defsig_rtmem_outer.o ABSOLUTE
    ../clib/signal.c                         0x00000000   Number         0  defsig_rtmem_inner.o ABSOLUTE
    ../clib/signal.c                         0x00000000   Number         0  defsig_rtred_inner.o ABSOLUTE
    ../clib/signal.s                         0x00000000   Number         0  defsig.o ABSOLUTE
    ../clib/stdlib.c                         0x00000000   Number         0  exit.o ABSOLUTE
    ../fplib/fpinit.s                        0x00000000   Number         0  fpinit.o ABSOLUTE
    ..\HAL_CM.c                              0x00000000   Number         0  hal_cm.o ABSOLUTE
    ..\\rt_CMSIS.c                           0x00000000   Number         0  rt_cmsis.o ABSOLUTE
    ..\\rt_System.c                          0x00000000   Number         0  rt_system.o ABSOLUTE
    ..\rt_CMSIS.c                            0x00000000   Number         0  rt_cmsis.o ABSOLUTE
    ..\rt_Event.c                            0x00000000   Number         0  rt_event.o ABSOLUTE
    ..\rt_List.c                             0x00000000   Number         0  rt_list.o ABSOLUTE
    ..\rt_Mailbox.c                          0x00000000   Number         0  rt_mailbox.o ABSOLUTE
    ..\rt_MemBox.c                           0x00000000   Number         0  rt_membox.o ABSOLUTE
    ..\rt_Memory.c                           0x00000000   Number         0  rt_memory.o ABSOLUTE
    ..\rt_Mutex.c                            0x00000000   Number         0  rt_mutex.o ABSOLUTE
    ..\rt_Robin.c                            0x00000000   Number         0  rt_robin.o ABSOLUTE
    ..\rt_Semaphore.c                        0x00000000   Number         0  rt_semaphore.o ABSOLUTE
    ..\rt_System.c                           0x00000000   Number         0  rt_system.o ABSOLUTE
    ..\rt_Task.c                             0x00000000   Number         0  rt_task.o ABSOLUTE
    ..\rt_Time.c                             0x00000000   Number         0  rt_time.o ABSOLUTE
    HAL_CM4.c                                0x00000000   Number         0  hal_cm4.o ABSOLUTE
    HAL_CM4.c                                0x00000000   Number         0  hal_cm4.o ABSOLUTE
    RTE\CMSIS\RTX_Conf_CM.c                  0x00000000   Number         0  rtx_conf_cm.o ABSOLUTE
    RTE\Device\MK64FN1M0xxx12\startup_MK64F12.s 0x00000000   Number         0  startup_mk64f12.o ABSOLUTE
    RTE\Device\MK64FN1M0xxx12\system_MK64F12.c 0x00000000   Number         0  system_mk64f12.o ABSOLUTE
    RTE\\CMSIS\\RTX_Conf_CM.c                0x00000000   Number         0  rtx_conf_cm.o ABSOLUTE
    RTE\\Device\\MK64FN1M0xxx12\\system_MK64F12.c 0x00000000   Number         0  system_mk64f12.o ABSOLUTE
    SVC_Table.s                              0x00000000   Number         0  svc_table.o ABSOLUTE
    dc.s                                     0x00000000   Number         0  dc.o ABSOLUTE
    main.c                                   0x00000000   Number         0  main.o ABSOLUTE
    main.c                                   0x00000000   Number         0  main.o ABSOLUTE
    .ARM.__at_0x400                          0x00000400   Section       16  startup_mk64f12.o(.ARM.__at_0x400)
    !!!main                                  0x00000410   Section        8  __main.o(!!!main)
    !!!scatter                               0x00000418   Section       52  __scatter.o(!!!scatter)
    !!handler_copy                           0x0000044c   Section       26  __scatter_copy.o(!!handler_copy)
    !!handler_zi                             0x00000468   Section       28  __scatter_zi.o(!!handler_zi)
    .ARM.Collect$$libinit$$00000000          0x00000484   Section        2  libinit.o(.ARM.Collect$$libinit$$00000000)
    .ARM.Collect$$libinit$$00000001          0x00000486   Section        4  libinit2.o(.ARM.Collect$$libinit$$00000001)
    .ARM.Collect$$libinit$$00000004          0x0000048a   Section        0  libinit2.o(.ARM.Collect$$libinit$$00000004)
    .ARM.Collect$$libinit$$0000000A          0x0000048a   Section        0  libinit2.o(.ARM.Collect$$libinit$$0000000A)
    .ARM.Collect$$libinit$$0000000C          0x0000048a   Section        0  libinit2.o(.ARM.Collect$$libinit$$0000000C)
    .ARM.Collect$$libinit$$0000000E          0x0000048a   Section        0  libinit2.o(.ARM.Collect$$libinit$$0000000E)
    .ARM.Collect$$libinit$$00000011          0x0000048a   Section        0  libinit2.o(.ARM.Collect$$libinit$$00000011)
    .ARM.Collect$$libinit$$00000013          0x0000048a   Section        0  libinit2.o(.ARM.Collect$$libinit$$00000013)
    .ARM.Collect$$libinit$$00000015          0x0000048a   Section        0  libinit2.o(.ARM.Collect$$libinit$$00000015)
    .ARM.Collect$$libinit$$00000017          0x0000048a   Section        0  libinit2.o(.ARM.Collect$$libinit$$00000017)
    .ARM.Collect$$libinit$$00000019          0x0000048a   Section        0  libinit2.o(.ARM.Collect$$libinit$$00000019)
    .ARM.Collect$$libinit$$0000001B          0x0000048a   Section        0  libinit2.o(.ARM.Collect$$libinit$$0000001B)
    .ARM.Collect$$libinit$$0000001D          0x0000048a   Section        0  libinit2.o(.ARM.Collect$$libinit$$0000001D)
    .ARM.Collect$$libinit$$0000001F          0x0000048a   Section        0  libinit2.o(.ARM.Collect$$libinit$$0000001F)
    .ARM.Collect$$libinit$$00000021          0x0000048a   Section        0  libinit2.o(.ARM.Collect$$libinit$$00000021)
    .ARM.Collect$$libinit$$00000023          0x0000048a   Section        0  libinit2.o(.ARM.Collect$$libinit$$00000023)
    .ARM.Collect$$libinit$$00000025          0x0000048a   Section        0  libinit2.o(.ARM.Collect$$libinit$$00000025)
    .ARM.Collect$$libinit$$0000002C          0x0000048a   Section        0  libinit2.o(.ARM.Collect$$libinit$$0000002C)
    .ARM.Collect$$libinit$$0000002E          0x0000048a   Section        0  libinit2.o(.ARM.Collect$$libinit$$0000002E)
    .ARM.Collect$$libinit$$00000030          0x0000048a   Section        0  libinit2.o(.ARM.Collect$$libinit$$00000030)
    .ARM.Collect$$libinit$$00000032          0x0000048a   Section        0  libinit2.o(.ARM.Collect$$libinit$$00000032)
    .ARM.Collect$$libinit$$00000033          0x0000048a   Section        2  libinit2.o(.ARM.Collect$$libinit$$00000033)
    .ARM.Collect$$libshutdown$$00000000      0x0000048c   Section        2  libshutdown.o(.ARM.Collect$$libshutdown$$00000000)
    .ARM.Collect$$libshutdown$$00000003      0x0000048e   Section        0  libshutdown2.o(.ARM.Collect$$libshutdown$$00000003)
    .ARM.Collect$$libshutdown$$00000006      0x0000048e   Section        0  libshutdown2.o(.ARM.Collect$$libshutdown$$00000006)
    .ARM.Collect$$libshutdown$$00000009      0x0000048e   Section        0  libshutdown2.o(.ARM.Collect$$libshutdown$$00000009)
    .ARM.Collect$$libshutdown$$0000000B      0x0000048e   Section        0  libshutdown2.o(.ARM.Collect$$libshutdown$$0000000B)
    .ARM.Collect$$libshutdown$$0000000E      0x0000048e   Section        0  libshutdown2.o(.ARM.Collect$$libshutdown$$0000000E)
    .ARM.Collect$$libshutdown$$0000000F      0x0000048e   Section        2  libshutdown2.o(.ARM.Collect$$libshutdown$$0000000F)
    .ARM.Collect$$rtentry$$00000000          0x00000490   Section        0  __rtentry.o(.ARM.Collect$$rtentry$$00000000)
    .ARM.Collect$$rtentry$$00000002          0x00000490   Section        0  __rtentry2.o(.ARM.Collect$$rtentry$$00000002)
    .ARM.Collect$$rtentry$$00000004          0x00000490   Section        6  __rtentry4.o(.ARM.Collect$$rtentry$$00000004)
    .ARM.Collect$$rtentry$$00000009          0x00000496   Section        0  __rtentry2.o(.ARM.Collect$$rtentry$$00000009)
    .ARM.Collect$$rtentry$$0000000A          0x00000496   Section        4  __rtentry2.o(.ARM.Collect$$rtentry$$0000000A)
    .ARM.Collect$$rtentry$$0000000B          0x0000049a   Section        8  __rtentry2.o(.ARM.Collect$$rtentry$$0000000B)
    .ARM.Collect$$rtentry$$0000000D          0x000004a2   Section        8  __rtentry2.o(.ARM.Collect$$rtentry$$0000000D)
    .ARM.Collect$$rtexit$$00000000           0x000004aa   Section        2  rtexit.o(.ARM.Collect$$rtexit$$00000000)
    .ARM.Collect$$rtexit$$00000002           0x000004ac   Section        0  rtexit2.o(.ARM.Collect$$rtexit$$00000002)
    .ARM.Collect$$rtexit$$00000003           0x000004ac   Section        4  rtexit2.o(.ARM.Collect$$rtexit$$00000003)
    .ARM.Collect$$rtexit$$00000004           0x000004b0   Section        6  rtexit2.o(.ARM.Collect$$rtexit$$00000004)
    .emb_text                                0x000004b8   Section       28  rtx_conf_cm.o(.emb_text)
    $v0                                      0x000004b8   Number         0  rtx_conf_cm.o(.emb_text)
    .emb_text                                0x000004d4   Section      384  hal_cm4.o(.emb_text)
    $v0                                      0x000004d4   Number         0  hal_cm4.o(.emb_text)
    .text                                    0x00000654   Section       72  startup_mk64f12.o(.text)
    $v0                                      0x00000654   Number         0  startup_mk64f12.o(.text)
    .text                                    0x0000069c   Section        8  libspace.o(.text)
    .text                                    0x000006a4   Section        0  exit.o(.text)
    .text                                    0x000006b0   Section        0  heapauxi.o(.text)
    .text                                    0x000006b8   Section        0  sys_exit.o(.text)
    .text                                    0x000006c4   Section       74  sys_stackheap_outer.o(.text)
    .text                                    0x0000070e   Section        2  use_no_semi.o(.text)
    .text                                    0x00000710   Section        0  indicate_semi.o(.text)
    SVC_TABLE                                0x00000710   Section        4  svc_table.o(SVC_TABLE)
    i.Blink                                  0x00000714   Section        0  main.o(i.Blink)
    i.LED_Initialize                         0x00000730   Section        0  main.o(i.LED_Initialize)
    i.SystemInit                             0x0000076c   Section        0  system_mk64f12.o(i.SystemInit)
    i._init_box                              0x0000080c   Section        0  rt_membox.o(i._init_box)
    i._mutex_acquire                         0x00000854   Section        0  rtx_conf_cm.o(i._mutex_acquire)
    __tagsym$$used                           0x00000855   Number         0  rtx_conf_cm.o(i._mutex_acquire)
    i._mutex_release                         0x00000874   Section        0  rtx_conf_cm.o(i._mutex_release)
    __tagsym$$used                           0x00000875   Number         0  rtx_conf_cm.o(i._mutex_release)
    i.dbg_init                               0x00000890   Section        0  hal_cm.o(i.dbg_init)
    i.dbg_task_notify                        0x000008c0   Section        0  hal_cm.o(i.dbg_task_notify)
    i.dbg_task_switch                        0x000008e0   Section        0  hal_cm.o(i.dbg_task_switch)
    i.isrMessageGet                          0x000008f0   Section        0  rt_cmsis.o(i.isrMessageGet)
    i.isrMessagePut                          0x0000091a   Section        0  rt_cmsis.o(i.isrMessagePut)
    i.isr_mbx_receive                        0x00000948   Section        0  rt_mailbox.o(i.isr_mbx_receive)
    i.isr_mbx_send                           0x0000099a   Section        0  rt_mailbox.o(i.isr_mbx_send)
    i.main                                   0x000009a8   Section        0  main.o(i.main)
    i.osDelay                                0x000009cc   Section        0  rt_cmsis.o(i.osDelay)
    i.osKernelInitialize                     0x000009e4   Section        0  rt_cmsis.o(i.osKernelInitialize)
    i.osKernelStart                          0x00000a08   Section        0  rt_cmsis.o(i.osKernelStart)
    i.osMessageGet                           0x00000a74   Section        0  rt_cmsis.o(i.osMessageGet)
    i.osThreadCreate                         0x00000a8c   Section        0  rt_cmsis.o(i.osThreadCreate)
    i.osThreadExit                           0x00000abc   Section        0  rt_cmsis.o(i.osThreadExit)
    i.osTimerCall                            0x00000ad4   Section        0  rt_cmsis.o(i.osTimerCall)
    i.osTimerThread                          0x00000ae0   Section        0  rt_cmsis.o(i.osTimerThread)
    i.os_error                               0x00000b0c   Section        0  rtx_conf_cm.o(i.os_error)
    i.os_idle_demon                          0x00000b2c   Section        0  rtx_conf_cm.o(i.os_idle_demon)
    i.os_tick_init                           0x00000b30   Section        0  rt_system.o(i.os_tick_init)
    i.os_tick_irqack                         0x00000b58   Section        0  rt_system.o(i.os_tick_irqack)
    i.rt_alloc_box                           0x00000b5a   Section        0  rt_membox.o(i.rt_alloc_box)
    i.rt_alloc_mem                           0x00000b74   Section        0  rt_memory.o(i.rt_alloc_mem)
    i.rt_block                               0x00000bb4   Section        0  rt_task.o(i.rt_block)
    i.rt_chk_robin                           0x00000bec   Section        0  rt_robin.o(i.rt_chk_robin)
    i.rt_dec_dly                             0x00000c34   Section        0  rt_list.o(i.rt_dec_dly)
    i.rt_dispatch                            0x00000ca4   Section        0  rt_task.o(i.rt_dispatch)
    i.rt_dly_wait                            0x00000ce8   Section        0  rt_time.o(i.rt_dly_wait)
    i.rt_evt_psh                             0x00000cf0   Section        0  rt_event.o(i.rt_evt_psh)
    i.rt_free_box                            0x00000d40   Section        0  rt_membox.o(i.rt_free_box)
    i.rt_free_mem                            0x00000d60   Section        0  rt_memory.o(i.rt_free_mem)
    i.rt_get_first                           0x00000d88   Section        0  rt_list.o(i.rt_get_first)
    i.rt_id2obj                              0x00000db0   Section        0  rt_cmsis.o(i.rt_id2obj)
    rt_id2obj                                0x00000db1   Thumb Code     8  rt_cmsis.o(i.rt_id2obj)
    i.rt_init_context                        0x00000db8   Section        0  rt_task.o(i.rt_init_context)
    rt_init_context                          0x00000db9   Thumb Code    66  rt_task.o(i.rt_init_context)
    i.rt_init_mem                            0x00000e00   Section        0  rt_memory.o(i.rt_init_mem)
    i.rt_init_robin                          0x00000e1c   Section        0  rt_robin.o(i.rt_init_robin)
    i.rt_init_stack                          0x00000e34   Section        0  hal_cm.o(i.rt_init_stack)
    i.rt_mbx_check                           0x00000eb4   Section        0  rt_mailbox.o(i.rt_mbx_check)
    i.rt_mbx_init                            0x00000ebc   Section        0  rt_mailbox.o(i.rt_mbx_init)
    i.rt_mbx_psh                             0x00000ed8   Section        0  rt_mailbox.o(i.rt_mbx_psh)
    i.rt_mbx_wait                            0x00000fc8   Section        0  rt_mailbox.o(i.rt_mbx_wait)
    i.rt_ms2tick                             0x0000107c   Section        0  rt_cmsis.o(i.rt_ms2tick)
    rt_ms2tick                               0x0000107d   Thumb Code    50  rt_cmsis.o(i.rt_ms2tick)
    i.rt_mut_release                         0x000010b8   Section        0  rt_mutex.o(i.rt_mut_release)
    i.rt_mut_wait                            0x00001190   Section        0  rt_mutex.o(i.rt_mut_wait)
    i.rt_pop_req                             0x000011f8   Section        0  rt_system.o(i.rt_pop_req)
    i.rt_psh_req                             0x00001274   Section        0  rt_system.o(i.rt_psh_req)
    i.rt_psq_enq                             0x00001294   Section        0  rt_list.o(i.rt_psq_enq)
    i.rt_put_dly                             0x000012f0   Section        0  rt_list.o(i.rt_put_dly)
    i.rt_put_prio                            0x00001338   Section        0  rt_list.o(i.rt_put_prio)
    i.rt_put_rdy_first                       0x00001370   Section        0  rt_list.o(i.rt_put_rdy_first)
    i.rt_resort_prio                         0x00001384   Section        0  rt_list.o(i.rt_resort_prio)
    i.rt_ret_regs                            0x000013b8   Section        0  hal_cm.o(i.rt_ret_regs)
    rt_ret_regs                              0x000013b9   Thumb Code    16  hal_cm.o(i.rt_ret_regs)
    i.rt_ret_val                             0x000013c8   Section        0  hal_cm.o(i.rt_ret_val)
    i.rt_ret_val2                            0x000013d4   Section        0  hal_cm.o(i.rt_ret_val2)
    i.rt_rmv_dly                             0x000013e4   Section        0  rt_list.o(i.rt_rmv_dly)
    i.rt_rmv_list                            0x0000140c   Section        0  rt_list.o(i.rt_rmv_list)
    i.rt_sem_psh                             0x0000143c   Section        0  rt_semaphore.o(i.rt_sem_psh)
    i.rt_stk_check                           0x00001470   Section        0  rt_system.o(i.rt_stk_check)
    i.rt_switch_req                          0x00001494   Section        0  rt_task.o(i.rt_switch_req)
    i.rt_sys_init                            0x000014bc   Section        0  rt_task.o(i.rt_sys_init)
    i.rt_sys_start                           0x00001588   Section        0  rt_task.o(i.rt_sys_start)
    i.rt_systick                             0x00001600   Section        0  rt_system.o(i.rt_systick)
    i.rt_tid2ptcb                            0x00001640   Section        0  rt_cmsis.o(i.rt_tid2ptcb)
    rt_tid2ptcb                              0x00001641   Thumb Code    18  rt_cmsis.o(i.rt_tid2ptcb)
    i.rt_timer_insert                        0x00001654   Section        0  rt_cmsis.o(i.rt_timer_insert)
    rt_timer_insert                          0x00001655   Thumb Code    48  rt_cmsis.o(i.rt_timer_insert)
    i.rt_tsk_create                          0x00001688   Section        0  rt_task.o(i.rt_tsk_create)
    i.rt_tsk_delete                          0x00001708   Section        0  rt_task.o(i.rt_tsk_delete)
    i.rt_tsk_prio                            0x0000187c   Section        0  rt_task.o(i.rt_tsk_prio)
    i.rt_tsk_self                            0x000018f8   Section        0  rt_task.o(i.rt_tsk_self)
    i.svcDelay                               0x00001908   Section        0  rt_cmsis.o(i.svcDelay)
    i.svcKernelInitialize                    0x0000191c   Section        0  rt_cmsis.o(i.svcKernelInitialize)
    i.svcKernelStart                         0x0000198c   Section        0  rt_cmsis.o(i.svcKernelStart)
    i.svcMessageCreate                       0x000019d4   Section        0  rt_cmsis.o(i.svcMessageCreate)
    i.svcMessageGet                          0x000019f8   Section        0  rt_cmsis.o(i.svcMessageGet)
    i.svcThreadCreate                        0x00001a34   Section        0  rt_cmsis.o(i.svcThreadCreate)
    i.svcThreadGetId                         0x00001aa4   Section        0  rt_cmsis.o(i.svcThreadGetId)
    i.svcThreadTerminate                     0x00001ac0   Section        0  rt_cmsis.o(i.svcThreadTerminate)
    i.svcTimerCall                           0x00001af8   Section        0  rt_cmsis.o(i.svcTimerCall)
    i.sysTimerTick                           0x00001b10   Section        0  rt_cmsis.o(i.sysTimerTick)
    x$fpl$fpinit                             0x00001b6c   Section       10  fpinit.o(x$fpl$fpinit)
    $v0                                      0x00001b6c   Number         0  fpinit.o(x$fpl$fpinit)
    .constdata                               0x00001b78   Section       16  main.o(.constdata)
    .constdata                               0x00001b88   Section       86  rtx_conf_cm.o(.constdata)
    __tagsym$$used                           0x00001ba4   Number         0  rtx_conf_cm.o(.constdata)
    __tagsym$$used                           0x00001ba8   Number         0  rtx_conf_cm.o(.constdata)
    __tagsym$$used                           0x00001bac   Number         0  rtx_conf_cm.o(.constdata)
    __tagsym$$used                           0x00001bb0   Number         0  rtx_conf_cm.o(.constdata)
    .data                                    0x20000000   Section       36  rtx_conf_cm.o(.data)
    nr_mutex                                 0x20000010   Data           4  rtx_conf_cm.o(.data)
    .data                                    0x20000024   Section        8  rt_cmsis.o(.data)
    .data                                    0x2000002c   Section        8  rt_task.o(.data)
    .data                                    0x20000034   Section        8  rt_system.o(.data)
    os_lock                                  0x20000034   Data           1  rt_system.o(.data)
    os_psh_flag                              0x20000035   Data           1  rt_system.o(.data)
    pend_flags                               0x20000036   Data           1  rt_system.o(.data)
    .data                                    0x2000003c   Section        4  rt_time.o(.data)
    .data                                    0x20000040   Section        8  rt_robin.o(.data)
    .data                                    0x20000048   Section        1  hal_cm.o(.data)
    .bss                                     0x20000050   Section     3016  rtx_conf_cm.o(.bss)
    std_libspace                             0x200008f8   Data         672  rtx_conf_cm.o(.bss)
    std_libmutex                             0x20000b98   Data         128  rtx_conf_cm.o(.bss)
    .bss                                     0x20000c18   Section       52  rt_task.o(.bss)
    .bss                                     0x20000c4c   Section       48  rt_list.o(.bss)
    .bss                                     0x20000c7c   Section       96  libspace.o(.bss)
    HEAP                                     0x20000ce0   Section        0  startup_mk64f12.o(HEAP)
    STACK                                    0x20000ce0   Section     1024  startup_mk64f12.o(STACK)
    Heap_Mem                                 0x20000ce0   Data           0  startup_mk64f12.o(HEAP)
    Stack_Mem                                0x20000ce0   Data        1024  startup_mk64f12.o(STACK)
    __initial_sp                             0x200010e0   Data           0  startup_mk64f12.o(STACK)

    Global Symbols

    Symbol Name                              Value     Ov Type        Size  Object(Section)

    BuildAttributes$$THM_ISAv4$E$P$D$K$B$S$7EM$VFPi3$EXTD16$VFPS$VFMA$PE$A:L22UL41UL21$X:L11$S22US41US21$IEEE1$IW$USESV6$~STKCKD$USESV7$~SHL$OSPACE$ROPI$EBA8$UX$STANDARDLIB$REQ8$PRES8$EABIv2 0x00000000   Number         0  anon$$obj.o ABSOLUTE
    __ARM_use_no_argv                        0x00000000   Number         0  main.o ABSOLUTE
    __Vectors                                0x00000000   Data           4  startup_mk64f12.o(RESET)
    __ARM_exceptions_init                     - Undefined Weak Reference
    __alloca_initialize                       - Undefined Weak Reference
    __arm_preinit_                            - Undefined Weak Reference
    __cpp_initialize__aeabi_                  - Undefined Weak Reference
    __cxa_finalize                            - Undefined Weak Reference
    __rt_locale                               - Undefined Weak Reference
    __sigvec_lookup                           - Undefined Weak Reference
    _atexit_init                              - Undefined Weak Reference
    _call_atexit_fns                          - Undefined Weak Reference
    _clock_init                               - Undefined Weak Reference
    _fp_trap_init                             - Undefined Weak Reference
    _fp_trap_shutdown                         - Undefined Weak Reference
    _get_lc_collate                           - Undefined Weak Reference
    _get_lc_ctype                             - Undefined Weak Reference
    _get_lc_monetary                          - Undefined Weak Reference
    _get_lc_numeric                           - Undefined Weak Reference
    _get_lc_time                              - Undefined Weak Reference
    _getenv_init                              - Undefined Weak Reference
    _handle_redirection                       - Undefined Weak Reference
    _init_alloc                               - Undefined Weak Reference
    _init_user_alloc                          - Undefined Weak Reference
    _initio                                   - Undefined Weak Reference
    _rand_init                                - Undefined Weak Reference
    _signal_finish                            - Undefined Weak Reference
    _signal_init                              - Undefined Weak Reference
    _terminate_alloc                          - Undefined Weak Reference
    _terminate_user_alloc                     - Undefined Weak Reference
    _terminateio                              - Undefined Weak Reference
    __Vectors_End                            0x00000400   Data           0  startup_mk64f12.o(RESET)
    __Vectors_Size                           0x00000400   Number         0  startup_mk64f12.o ABSOLUTE
    __main                                   0x00000411   Thumb Code     8  __main.o(!!!main)
    __scatterload                            0x00000419   Thumb Code     0  __scatter.o(!!!scatter)
    __scatterload_rt2                        0x00000419   Thumb Code    44  __scatter.o(!!!scatter)
    __scatterload_rt2_thumb_only             0x00000419   Thumb Code     0  __scatter.o(!!!scatter)
    __scatterload_null                       0x00000427   Thumb Code     0  __scatter.o(!!!scatter)
    __scatterload_copy                       0x0000044d   Thumb Code    26  __scatter_copy.o(!!handler_copy)
    __scatterload_zeroinit                   0x00000469   Thumb Code    28  __scatter_zi.o(!!handler_zi)
    __RL_RTX_VER                             0x00000478   Number         0  rt_system.o ABSOLUTE
    __rt_lib_init                            0x00000485   Thumb Code     0  libinit.o(.ARM.Collect$$libinit$$00000000)
    __rt_lib_init_fp_1                       0x00000487   Thumb Code     0  libinit2.o(.ARM.Collect$$libinit$$00000001)
    __rt_lib_init_alloca_1                   0x0000048b   Thumb Code     0  libinit2.o(.ARM.Collect$$libinit$$0000002E)
    __rt_lib_init_argv_1                     0x0000048b   Thumb Code     0  libinit2.o(.ARM.Collect$$libinit$$0000002C)
    __rt_lib_init_atexit_1                   0x0000048b   Thumb Code     0  libinit2.o(.ARM.Collect$$libinit$$0000001B)
    __rt_lib_init_clock_1                    0x0000048b   Thumb Code     0  libinit2.o(.ARM.Collect$$libinit$$00000021)
    __rt_lib_init_cpp_1                      0x0000048b   Thumb Code     0  libinit2.o(.ARM.Collect$$libinit$$00000032)
    __rt_lib_init_exceptions_1               0x0000048b   Thumb Code     0  libinit2.o(.ARM.Collect$$libinit$$00000030)
    __rt_lib_init_fp_trap_1                  0x0000048b   Thumb Code     0  libinit2.o(.ARM.Collect$$libinit$$0000001F)
    __rt_lib_init_getenv_1                   0x0000048b   Thumb Code     0  libinit2.o(.ARM.Collect$$libinit$$00000023)
    __rt_lib_init_heap_1                     0x0000048b   Thumb Code     0  libinit2.o(.ARM.Collect$$libinit$$0000000A)
    __rt_lib_init_lc_collate_1               0x0000048b   Thumb Code     0  libinit2.o(.ARM.Collect$$libinit$$00000011)
    __rt_lib_init_lc_ctype_1                 0x0000048b   Thumb Code     0  libinit2.o(.ARM.Collect$$libinit$$00000013)
    __rt_lib_init_lc_monetary_1              0x0000048b   Thumb Code     0  libinit2.o(.ARM.Collect$$libinit$$00000015)
    __rt_lib_init_lc_numeric_1               0x0000048b   Thumb Code     0  libinit2.o(.ARM.Collect$$libinit$$00000017)
    __rt_lib_init_lc_time_1                  0x0000048b   Thumb Code     0  libinit2.o(.ARM.Collect$$libinit$$00000019)
    __rt_lib_init_preinit_1                  0x0000048b   Thumb Code     0  libinit2.o(.ARM.Collect$$libinit$$00000004)
    __rt_lib_init_rand_1                     0x0000048b   Thumb Code     0  libinit2.o(.ARM.Collect$$libinit$$0000000E)
    __rt_lib_init_return                     0x0000048b   Thumb Code     0  libinit2.o(.ARM.Collect$$libinit$$00000033)
    __rt_lib_init_signal_1                   0x0000048b   Thumb Code     0  libinit2.o(.ARM.Collect$$libinit$$0000001D)
    __rt_lib_init_stdio_1                    0x0000048b   Thumb Code     0  libinit2.o(.ARM.Collect$$libinit$$00000025)
    __rt_lib_init_user_alloc_1               0x0000048b   Thumb Code     0  libinit2.o(.ARM.Collect$$libinit$$0000000C)
    __rt_lib_shutdown                        0x0000048d   Thumb Code     0  libshutdown.o(.ARM.Collect$$libshutdown$$00000000)
    __rt_lib_shutdown_fp_trap_1              0x0000048f   Thumb Code     0  libshutdown2.o(.ARM.Collect$$libshutdown$$00000006)
    __rt_lib_shutdown_heap_1                 0x0000048f   Thumb Code     0  libshutdown2.o(.ARM.Collect$$libshutdown$$0000000E)
    __rt_lib_shutdown_return                 0x0000048f   Thumb Code     0  libshutdown2.o(.ARM.Collect$$libshutdown$$0000000F)
    __rt_lib_shutdown_signal_1               0x0000048f   Thumb Code     0  libshutdown2.o(.ARM.Collect$$libshutdown$$00000009)
    __rt_lib_shutdown_stdio_1                0x0000048f   Thumb Code     0  libshutdown2.o(.ARM.Collect$$libshutdown$$00000003)
    __rt_lib_shutdown_user_alloc_1           0x0000048f   Thumb Code     0  libshutdown2.o(.ARM.Collect$$libshutdown$$0000000B)
    __rt_entry                               0x00000491   Thumb Code     0  __rtentry.o(.ARM.Collect$$rtentry$$00000000)
    __rt_entry_presh_1                       0x00000491   Thumb Code     0  __rtentry2.o(.ARM.Collect$$rtentry$$00000002)
    __rt_entry_sh                            0x00000491   Thumb Code     0  __rtentry4.o(.ARM.Collect$$rtentry$$00000004)
    __rt_entry_li                            0x00000497   Thumb Code     0  __rtentry2.o(.ARM.Collect$$rtentry$$0000000A)
    __rt_entry_postsh_1                      0x00000497   Thumb Code     0  __rtentry2.o(.ARM.Collect$$rtentry$$00000009)
    __rt_entry_postli_1                      0x0000049b   Thumb Code     0  __rtentry2.o(.ARM.Collect$$rtentry$$0000000B)
    __rt_entry_main                          0x000004a3   Thumb Code     0  __rtentry2.o(.ARM.Collect$$rtentry$$0000000D)
    __rt_exit                                0x000004ab   Thumb Code     0  rtexit.o(.ARM.Collect$$rtexit$$00000000)
    __rt_exit_ls                             0x000004ad   Thumb Code     0  rtexit2.o(.ARM.Collect$$rtexit$$00000003)
    __rt_exit_prels_1                        0x000004ad   Thumb Code     0  rtexit2.o(.ARM.Collect$$rtexit$$00000002)
    __rt_exit_exit                           0x000004b1   Thumb Code     0  rtexit2.o(.ARM.Collect$$rtexit$$00000004)
    _platform_post_lib_init                  0x000004b9   Thumb Code    24  rtx_conf_cm.o(.emb_text)
    rt_set_PSP                               0x000004d5   Thumb Code     6  hal_cm4.o(.emb_text)
    rt_get_PSP                               0x000004db   Thumb Code     6  hal_cm4.o(.emb_text)
    os_set_env                               0x000004e1   Thumb Code    24  hal_cm4.o(.emb_text)
    _alloc_box                               0x000004fd   Thumb Code    28  hal_cm4.o(.emb_text)
    _free_box                                0x0000051d   Thumb Code    28  hal_cm4.o(.emb_text)
    SVC_Handler                              0x0000053d   Thumb Code   148  hal_cm4.o(.emb_text)
    PendSV_Handler                           0x000005dd   Thumb Code    96  hal_cm4.o(.emb_text)
    SysTick_Handler                          0x00000641   Thumb Code     8  hal_cm4.o(.emb_text)
    OS_Tick_Handler                          0x00000649   Thumb Code    12  hal_cm4.o(.emb_text)
    init_data_bss                            0x00000655   Thumb Code     2  startup_mk64f12.o(.text)
    Reset_Handler                            0x00000657   Thumb Code    12  startup_mk64f12.o(.text)
    NMI_Handler                              0x00000663   Thumb Code     2  startup_mk64f12.o(.text)
    HardFault_Handler                        0x00000665   Thumb Code     2  startup_mk64f12.o(.text)
    MemManage_Handler                        0x00000667   Thumb Code     2  startup_mk64f12.o(.text)
    BusFault_Handler                         0x00000669   Thumb Code     2  startup_mk64f12.o(.text)
    UsageFault_Handler                       0x0000066b   Thumb Code     2  startup_mk64f12.o(.text)
    DebugMon_Handler                         0x0000066f   Thumb Code     2  startup_mk64f12.o(.text)
    ADC0_IRQHandler                          0x00000675   Thumb Code     0  startup_mk64f12.o(.text)
    ADC1_IRQHandler                          0x00000675   Thumb Code     0  startup_mk64f12.o(.text)
    CAN0_Bus_Off_IRQHandler                  0x00000675   Thumb Code     0  startup_mk64f12.o(.text)
    CAN0_Error_IRQHandler                    0x00000675   Thumb Code     0  startup_mk64f12.o(.text)
    CAN0_ORed_Message_buffer_IRQHandler      0x00000675   Thumb Code     0  startup_mk64f12.o(.text)
    CAN0_Rx_Warning_IRQHandler               0x00000675   Thumb Code     0  startup_mk64f12.o(.text)
    CAN0_Tx_Warning_IRQHandler               0x00000675   Thumb Code     0  startup_mk64f12.o(.text)
    CAN0_Wake_Up_IRQHandler                  0x00000675   Thumb Code     0  startup_mk64f12.o(.text)
    CMP0_IRQHandler                          0x00000675   Thumb Code     0  startup_mk64f12.o(.text)
    CMP1_IRQHandler                          0x00000675   Thumb Code     0  startup_mk64f12.o(.text)
    CMP2_IRQHandler                          0x00000675   Thumb Code     0  startup_mk64f12.o(.text)
    CMT_IRQHandler                           0x00000675   Thumb Code     0  startup_mk64f12.o(.text)
    DAC0_IRQHandler                          0x00000675   Thumb Code     0  startup_mk64f12.o(.text)
    DAC1_IRQHandler                          0x00000675   Thumb Code     0  startup_mk64f12.o(.text)
    DMA0_IRQHandler                          0x00000675   Thumb Code     0  startup_mk64f12.o(.text)
    DMA10_IRQHandler                         0x00000675   Thumb Code     0  startup_mk64f12.o(.text)
    DMA11_IRQHandler                         0x00000675   Thumb Code     0  startup_mk64f12.o(.text)
    DMA12_IRQHandler                         0x00000675   Thumb Code     0  startup_mk64f12.o(.text)
    DMA13_IRQHandler                         0x00000675   Thumb Code     0  startup_mk64f12.o(.text)
    DMA14_IRQHandler                         0x00000675   Thumb Code     0  startup_mk64f12.o(.text)
    DMA15_IRQHandler                         0x00000675   Thumb Code     0  startup_mk64f12.o(.text)
    DMA1_IRQHandler                          0x00000675   Thumb Code     0  startup_mk64f12.o(.text)
    DMA2_IRQHandler                          0x00000675   Thumb Code     0  startup_mk64f12.o(.text)
    DMA3_IRQHandler                          0x00000675   Thumb Code     0  startup_mk64f12.o(.text)
    DMA4_IRQHandler                          0x00000675   Thumb Code     0  startup_mk64f12.o(.text)
    DMA5_IRQHandler                          0x00000675   Thumb Code     0  startup_mk64f12.o(.text)
    DMA6_IRQHandler                          0x00000675   Thumb Code     0  startup_mk64f12.o(.text)
    DMA7_IRQHandler                          0x00000675   Thumb Code     0  startup_mk64f12.o(.text)
    DMA8_IRQHandler                          0x00000675   Thumb Code     0  startup_mk64f12.o(.text)
    DMA9_IRQHandler                          0x00000675   Thumb Code     0  startup_mk64f12.o(.text)
    DMA_Error_IRQHandler                     0x00000675   Thumb Code     0  startup_mk64f12.o(.text)
    DefaultISR                               0x00000675   Thumb Code     0  startup_mk64f12.o(.text)
    ENET_1588_Timer_IRQHandler               0x00000675   Thumb Code     0  startup_mk64f12.o(.text)
    ENET_Error_IRQHandler                    0x00000675   Thumb Code     0  startup_mk64f12.o(.text)
    ENET_Receive_IRQHandler                  0x00000675   Thumb Code     0  startup_mk64f12.o(.text)
    ENET_Transmit_IRQHandler                 0x00000675   Thumb Code     0  startup_mk64f12.o(.text)
    FTFE_IRQHandler                          0x00000675   Thumb Code     0  startup_mk64f12.o(.text)
    FTM0_IRQHandler                          0x00000675   Thumb Code     0  startup_mk64f12.o(.text)
    FTM1_IRQHandler                          0x00000675   Thumb Code     0  startup_mk64f12.o(.text)
    FTM2_IRQHandler                          0x00000675   Thumb Code     0  startup_mk64f12.o(.text)
    FTM3_IRQHandler                          0x00000675   Thumb Code     0  startup_mk64f12.o(.text)
    I2C0_IRQHandler                          0x00000675   Thumb Code     0  startup_mk64f12.o(.text)
    I2C1_IRQHandler                          0x00000675   Thumb Code     0  startup_mk64f12.o(.text)
    I2C2_IRQHandler                          0x00000675   Thumb Code     0  startup_mk64f12.o(.text)
    I2S0_Rx_IRQHandler                       0x00000675   Thumb Code     0  startup_mk64f12.o(.text)
    I2S0_Tx_IRQHandler                       0x00000675   Thumb Code     0  startup_mk64f12.o(.text)
    LLW_IRQHandler                           0x00000675   Thumb Code     0  startup_mk64f12.o(.text)
    LPTimer_IRQHandler                       0x00000675   Thumb Code     0  startup_mk64f12.o(.text)
    LVD_LVW_IRQHandler                       0x00000675   Thumb Code     0  startup_mk64f12.o(.text)
    MCG_IRQHandler                           0x00000675   Thumb Code     0  startup_mk64f12.o(.text)
    MCM_IRQHandler                           0x00000675   Thumb Code     0  startup_mk64f12.o(.text)
    PDB0_IRQHandler                          0x00000675   Thumb Code     0  startup_mk64f12.o(.text)
    PIT0_IRQHandler                          0x00000675   Thumb Code     0  startup_mk64f12.o(.text)
    PIT1_IRQHandler                          0x00000675   Thumb Code     0  startup_mk64f12.o(.text)
    PIT2_IRQHandler                          0x00000675   Thumb Code     0  startup_mk64f12.o(.text)
    PIT3_IRQHandler                          0x00000675   Thumb Code     0  startup_mk64f12.o(.text)
    PORTA_IRQHandler                         0x00000675   Thumb Code     0  startup_mk64f12.o(.text)
    PORTB_IRQHandler                         0x00000675   Thumb Code     0  startup_mk64f12.o(.text)
    PORTC_IRQHandler                         0x00000675   Thumb Code     0  startup_mk64f12.o(.text)
    PORTD_IRQHandler                         0x00000675   Thumb Code     0  startup_mk64f12.o(.text)
    PORTE_IRQHandler                         0x00000675   Thumb Code     0  startup_mk64f12.o(.text)
    RNG_IRQHandler                           0x00000675   Thumb Code     0  startup_mk64f12.o(.text)
    RTC_IRQHandler                           0x00000675   Thumb Code     0  startup_mk64f12.o(.text)
    RTC_Seconds_IRQHandler                   0x00000675   Thumb Code     0  startup_mk64f12.o(.text)
    Read_Collision_IRQHandler                0x00000675   Thumb Code     0  startup_mk64f12.o(.text)
    Reserved71_IRQHandler                    0x00000675   Thumb Code     0  startup_mk64f12.o(.text)
    SDHC_IRQHandler                          0x00000675   Thumb Code     0  startup_mk64f12.o(.text)
    SPI0_IRQHandler                          0x00000675   Thumb Code     0  startup_mk64f12.o(.text)
    SPI1_IRQHandler                          0x00000675   Thumb Code     0  startup_mk64f12.o(.text)
    SPI2_IRQHandler                          0x00000675   Thumb Code     0  startup_mk64f12.o(.text)
    SWI_IRQHandler                           0x00000675   Thumb Code     0  startup_mk64f12.o(.text)
    UART0_ERR_IRQHandler                     0x00000675   Thumb Code     0  startup_mk64f12.o(.text)
    UART0_LON_IRQHandler                     0x00000675   Thumb Code     0  startup_mk64f12.o(.text)
    UART0_RX_TX_IRQHandler                   0x00000675   Thumb Code     0  startup_mk64f12.o(.text)
    UART1_ERR_IRQHandler                     0x00000675   Thumb Code     0  startup_mk64f12.o(.text)
    UART1_RX_TX_IRQHandler                   0x00000675   Thumb Code     0  startup_mk64f12.o(.text)
    UART2_ERR_IRQHandler                     0x00000675   Thumb Code     0  startup_mk64f12.o(.text)
    UART2_RX_TX_IRQHandler                   0x00000675   Thumb Code     0  startup_mk64f12.o(.text)
    UART3_ERR_IRQHandler                     0x00000675   Thumb Code     0  startup_mk64f12.o(.text)
    UART3_RX_TX_IRQHandler                   0x00000675   Thumb Code     0  startup_mk64f12.o(.text)
    UART4_ERR_IRQHandler                     0x00000675   Thumb Code     0  startup_mk64f12.o(.text)
    UART4_RX_TX_IRQHandler                   0x00000675   Thumb Code     0  startup_mk64f12.o(.text)
    UART5_ERR_IRQHandler                     0x00000675   Thumb Code     0  startup_mk64f12.o(.text)
    UART5_RX_TX_IRQHandler                   0x00000675   Thumb Code     0  startup_mk64f12.o(.text)
    USB0_IRQHandler                          0x00000675   Thumb Code     0  startup_mk64f12.o(.text)
    USBDCD_IRQHandler                        0x00000675   Thumb Code     0  startup_mk64f12.o(.text)
    Watchdog_IRQHandler                      0x00000675   Thumb Code     0  startup_mk64f12.o(.text)
    __user_initial_stackheap                 0x00000679   Thumb Code     0  startup_mk64f12.o(.text)
    __user_libspace                          0x0000069d   Thumb Code     8  libspace.o(.text)
    __user_perproc_libspace                  0x0000069d   Thumb Code     0  libspace.o(.text)
    exit                                     0x000006a5   Thumb Code    12  exit.o(.text)
    __use_two_region_memory                  0x000006b1   Thumb Code     2  heapauxi.o(.text)
    __rt_heap_escrow$2region                 0x000006b3   Thumb Code     2  heapauxi.o(.text)
    __rt_heap_expand$2region                 0x000006b5   Thumb Code     2  heapauxi.o(.text)
    _sys_exit                                0x000006b9   Thumb Code     8  sys_exit.o(.text)
    __user_setup_stackheap                   0x000006c5   Thumb Code    74  sys_stackheap_outer.o(.text)
    __I$use$semihosting                      0x0000070f   Thumb Code     0  use_no_semi.o(.text)
    __use_no_semihosting_swi                 0x0000070f   Thumb Code     2  use_no_semi.o(.text)
    SVC_Count                                0x00000710   Data           4  svc_table.o(SVC_TABLE)
    __semihosting_library_function           0x00000711   Thumb Code     0  indicate_semi.o(.text)
    Blink                                    0x00000715   Thumb Code    24  main.o(i.Blink)
    SVC_Table                                0x00000714   Data           0  svc_table.o(SVC_TABLE)
    LED_Initialize                           0x00000731   Thumb Code    48  main.o(i.LED_Initialize)
    SystemInit                               0x0000076d   Thumb Code   136  system_mk64f12.o(i.SystemInit)
    _init_box                                0x0000080d   Thumb Code    70  rt_membox.o(i._init_box)
    _mutex_acquire                           0x00000855   Thumb Code    22  rtx_conf_cm.o(i._mutex_acquire)
    _mutex_release                           0x00000875   Thumb Code    18  rtx_conf_cm.o(i._mutex_release)
    dbg_init                                 0x00000891   Thumb Code    34  hal_cm.o(i.dbg_init)
    dbg_task_notify                          0x000008c1   Thumb Code    32  hal_cm.o(i.dbg_task_notify)
    dbg_task_switch                          0x000008e1   Thumb Code    16  hal_cm.o(i.dbg_task_switch)
    isrMessageGet                            0x000008f1   Thumb Code    42  rt_cmsis.o(i.isrMessageGet)
    isrMessagePut                            0x0000091b   Thumb Code    44  rt_cmsis.o(i.isrMessagePut)
    isr_mbx_receive                          0x00000949   Thumb Code    82  rt_mailbox.o(i.isr_mbx_receive)
    isr_mbx_send                             0x0000099b   Thumb Code    14  rt_mailbox.o(i.isr_mbx_send)
    main                                     0x000009a9   Thumb Code    30  main.o(i.main)
    osDelay                                  0x000009cd   Thumb Code    18  rt_cmsis.o(i.osDelay)
    osKernelInitialize                       0x000009e5   Thumb Code    30  rt_cmsis.o(i.osKernelInitialize)
    osKernelStart                            0x00000a09   Thumb Code    98  rt_cmsis.o(i.osKernelStart)
    osMessageGet                             0x00000a75   Thumb Code    18  rt_cmsis.o(i.osMessageGet)
    osThreadCreate                           0x00000a8d   Thumb Code    38  rt_cmsis.o(i.osThreadCreate)
    osThreadExit                             0x00000abd   Thumb Code    14  rt_cmsis.o(i.osThreadExit)
    osTimerCall                              0x00000ad5   Thumb Code     8  rt_cmsis.o(i.osTimerCall)
    osTimerThread                            0x00000ae1   Thumb Code    38  rt_cmsis.o(i.osTimerThread)
    os_error                                 0x00000b0d   Thumb Code    32  rtx_conf_cm.o(i.os_error)
    os_idle_demon                            0x00000b2d   Thumb Code     4  rtx_conf_cm.o(i.os_idle_demon)
    os_tick_init                             0x00000b31   Thumb Code    32  rt_system.o(i.os_tick_init)
    os_tick_irqack                           0x00000b59   Thumb Code     2  rt_system.o(i.os_tick_irqack)
    rt_alloc_box                             0x00000b5b   Thumb Code    26  rt_membox.o(i.rt_alloc_box)
    rt_alloc_mem                             0x00000b75   Thumb Code    62  rt_memory.o(i.rt_alloc_mem)
    rt_block                                 0x00000bb5   Thumb Code    48  rt_task.o(i.rt_block)
    rt_chk_robin                             0x00000bed   Thumb Code    60  rt_robin.o(i.rt_chk_robin)
    rt_dec_dly                               0x00000c35   Thumb Code   102  rt_list.o(i.rt_dec_dly)
    rt_dispatch                              0x00000ca5   Thumb Code    60  rt_task.o(i.rt_dispatch)
    rt_dly_wait                              0x00000ce9   Thumb Code     6  rt_time.o(i.rt_dly_wait)
    rt_evt_psh                               0x00000cf1   Thumb Code    76  rt_event.o(i.rt_evt_psh)
    rt_free_box                              0x00000d41   Thumb Code    32  rt_membox.o(i.rt_free_box)
    rt_free_mem                              0x00000d61   Thumb Code    40  rt_memory.o(i.rt_free_mem)
    rt_get_first                             0x00000d89   Thumb Code    40  rt_list.o(i.rt_get_first)
    rt_init_mem                              0x00000e01   Thumb Code    26  rt_memory.o(i.rt_init_mem)
    rt_init_robin                            0x00000e1d   Thumb Code    14  rt_robin.o(i.rt_init_robin)
    rt_init_stack                            0x00000e35   Thumb Code   118  hal_cm.o(i.rt_init_stack)
    rt_mbx_check                             0x00000eb5   Thumb Code     8  rt_mailbox.o(i.rt_mbx_check)
    rt_mbx_init                              0x00000ebd   Thumb Code    26  rt_mailbox.o(i.rt_mbx_init)
    rt_mbx_psh                               0x00000ed9   Thumb Code   236  rt_mailbox.o(i.rt_mbx_psh)
    rt_mbx_wait                              0x00000fc9   Thumb Code   174  rt_mailbox.o(i.rt_mbx_wait)
    rt_mut_release                           0x000010b9   Thumb Code   208  rt_mutex.o(i.rt_mut_release)
    rt_mut_wait                              0x00001191   Thumb Code   100  rt_mutex.o(i.rt_mut_wait)
    rt_pop_req                               0x000011f9   Thumb Code   112  rt_system.o(i.rt_pop_req)
    rt_psh_req                               0x00001275   Thumb Code    22  rt_system.o(i.rt_psh_req)
    rt_psq_enq                               0x00001295   Thumb Code    88  rt_list.o(i.rt_psq_enq)
    rt_put_dly                               0x000012f1   Thumb Code    68  rt_list.o(i.rt_put_dly)
    rt_put_prio                              0x00001339   Thumb Code    54  rt_list.o(i.rt_put_prio)
    rt_put_rdy_first                         0x00001371   Thumb Code    14  rt_list.o(i.rt_put_rdy_first)
    rt_resort_prio                           0x00001385   Thumb Code    46  rt_list.o(i.rt_resort_prio)
    rt_ret_val                               0x000013c9   Thumb Code    12  hal_cm.o(i.rt_ret_val)
    rt_ret_val2                              0x000013d5   Thumb Code    16  hal_cm.o(i.rt_ret_val2)
    rt_rmv_dly                               0x000013e5   Thumb Code    40  rt_list.o(i.rt_rmv_dly)
    rt_rmv_list                              0x0000140d   Thumb Code    44  rt_list.o(i.rt_rmv_list)
    rt_sem_psh                               0x0000143d   Thumb Code    48  rt_semaphore.o(i.rt_sem_psh)
    rt_stk_check                             0x00001471   Thumb Code    28  rt_system.o(i.rt_stk_check)
    rt_switch_req                            0x00001495   Thumb Code    30  rt_task.o(i.rt_switch_req)
    rt_sys_init                              0x000014bd   Thumb Code   138  rt_task.o(i.rt_sys_init)
    rt_sys_start                             0x00001589   Thumb Code   110  rt_task.o(i.rt_sys_start)
    rt_systick                               0x00001601   Thumb Code    50  rt_system.o(i.rt_systick)
    rt_tsk_create                            0x00001689   Thumb Code   112  rt_task.o(i.rt_tsk_create)
    rt_tsk_delete                            0x00001709   Thumb Code   342  rt_task.o(i.rt_tsk_delete)
    rt_tsk_prio                              0x0000187d   Thumb Code   108  rt_task.o(i.rt_tsk_prio)
    rt_tsk_self                              0x000018f9   Thumb Code    12  rt_task.o(i.rt_tsk_self)
    svcDelay                                 0x00001909   Thumb Code    20  rt_cmsis.o(i.svcDelay)
    svcKernelInitialize                      0x0000191d   Thumb Code    80  rt_cmsis.o(i.svcKernelInitialize)
    svcKernelStart                           0x0000198d   Thumb Code    62  rt_cmsis.o(i.svcKernelStart)
    svcMessageCreate                         0x000019d5   Thumb Code    36  rt_cmsis.o(i.svcMessageCreate)
    svcMessageGet                            0x000019f9   Thumb Code    58  rt_cmsis.o(i.svcMessageGet)
    svcThreadCreate                          0x00001a35   Thumb Code   100  rt_cmsis.o(i.svcThreadCreate)
    svcThreadGetId                           0x00001aa5   Thumb Code    22  rt_cmsis.o(i.svcThreadGetId)
    svcThreadTerminate                       0x00001ac1   Thumb Code    50  rt_cmsis.o(i.svcThreadTerminate)
    svcTimerCall                             0x00001af9   Thumb Code    24  rt_cmsis.o(i.svcTimerCall)
    sysTimerTick                             0x00001b11   Thumb Code    84  rt_cmsis.o(i.sysTimerTick)
    _fp_init                                 0x00001b6d   Thumb Code    10  fpinit.o(x$fpl$fpinit)
    __fplib_config_fpu_vfp                   0x00001b75   Thumb Code     0  fpinit.o(x$fpl$fpinit)
    __fplib_config_pureend_doubles           0x00001b75   Thumb Code     0  fpinit.o(x$fpl$fpinit)
    os_thread_def_Blink                      0x00001b78   Data          16  main.o(.constdata)
    os_maxtaskrun                            0x00001b88   Data           2  rtx_conf_cm.o(.constdata)
    os_stackinfo                             0x00001b8c   Data           4  rtx_conf_cm.o(.constdata)
    os_rrobin                                0x00001b90   Data           4  rtx_conf_cm.o(.constdata)
    os_tickfreq                              0x00001b94   Data           4  rtx_conf_cm.o(.constdata)
    os_tickus_i                              0x00001b98   Data           2  rtx_conf_cm.o(.constdata)
    os_tickus_f                              0x00001b9a   Data           2  rtx_conf_cm.o(.constdata)
    os_trv                                   0x00001b9c   Data           4  rtx_conf_cm.o(.constdata)
    os_flags                                 0x00001ba0   Data           1  rtx_conf_cm.o(.constdata)
    CMSIS_RTOS_API_Version                   0x00001ba4   Data           4  rtx_conf_cm.o(.constdata)
    CMSIS_RTOS_RTX_Version                   0x00001ba8   Data           4  rtx_conf_cm.o(.constdata)
    os_clockrate                             0x00001bac   Data           4  rtx_conf_cm.o(.constdata)
    os_timernum                              0x00001bb0   Data           4  rtx_conf_cm.o(.constdata)
    mp_tcb_size                              0x00001bb4   Data           2  rtx_conf_cm.o(.constdata)
    mp_stk_size                              0x00001bb8   Data           4  rtx_conf_cm.o(.constdata)
    os_stack_sz                              0x00001bbc   Data           4  rtx_conf_cm.o(.constdata)
    os_fifo_size                             0x00001bc0   Data           1  rtx_conf_cm.o(.constdata)
    os_thread_def_osTimerThread              0x00001bc4   Data          16  rtx_conf_cm.o(.constdata)
    os_messageQ_def_osTimerMessageQ          0x00001bd4   Data           8  rtx_conf_cm.o(.constdata)
    mp_tmr_size                              0x00001bdc   Data           2  rtx_conf_cm.o(.constdata)
    Region$$Table$$Base                      0x00001be0   Number         0  anon$$obj.o(Region$$Table)
    Region$$Table$$Limit                     0x00001c00   Number         0  anon$$obj.o(Region$$Table)
    osThreadId_osTimerThread                 0x20000000   Data           4  rtx_conf_cm.o(.data)
    osMessageQId_osTimerMessageQ             0x20000004   Data           4  rtx_conf_cm.o(.data)
    os_tmr                                   0x20000008   Data           4  rtx_conf_cm.o(.data)
    m_tmr                                    0x2000000c   Data           4  rtx_conf_cm.o(.data)
    os_thread_def_main                       0x20000014   Data          16  rtx_conf_cm.o(.data)
    os_initialized                           0x20000024   Data           1  rt_cmsis.o(.data)
    os_running                               0x20000025   Data           1  rt_cmsis.o(.data)
    os_timer_head                            0x20000028   Data           4  rt_cmsis.o(.data)
    os_tsk                                   0x2000002c   Data           8  rt_task.o(.data)
    os_tick_irqn                             0x20000038   Data           4  rt_system.o(.data)
    os_time                                  0x2000003c   Data           4  rt_time.o(.data)
    os_robin                                 0x20000040   Data           8  rt_robin.o(.data)
    dbg_msg                                  0x20000048   Data           1  hal_cm.o(.data)
    mp_tcb                                   0x20000050   Data         376  rtx_conf_cm.o(.bss)
    mp_stk                                   0x200001c8   Data        1216  rtx_conf_cm.o(.bss)
    os_stack_mem                             0x20000688   Data         432  rtx_conf_cm.o(.bss)
    os_fifo                                  0x20000838   Data         132  rtx_conf_cm.o(.bss)
    os_active_TCB                            0x200008bc   Data          28  rtx_conf_cm.o(.bss)
    os_messageQ_q_osTimerMessageQ            0x200008d8   Data          32  rtx_conf_cm.o(.bss)
    os_idle_TCB                              0x20000c18   Data          52  rt_task.o(.bss)
    os_rdy                                   0x20000c4c   Data          24  rt_list.o(.bss)
    os_dly                                   0x20000c64   Data          24  rt_list.o(.bss)
    __libspace_start                         0x20000c7c   Data          96  libspace.o(.bss)
    __temporary_stack_top$libspace           0x20000cdc   Data           0  libspace.o(.bss)



==============================================================================

Memory Map of the image

  Image Entry point : 0x00000411

  Load Region LR_IROM1 (Base: 0x00000000, Size: 0x00001c4c, Max: 0x00100000, ABSOLUTE)

    Execution Region ER_IROM1 (Base: 0x00000000, Size: 0x00001c00, Max: 0x00100000, ABSOLUTE)

    Base Addr    Size         Type   Attr      Idx    E Section Name        Object

    0x00000000   0x00000400   Data   RO          136    RESET               startup_mk64f12.o
    0x00000400   0x00000010   Code   RO          137    .ARM.__at_0x400     startup_mk64f12.o
    0x00000410   0x00000008   Code   RO         1403  * !!!main             c_w.l(__main.o)
    0x00000418   0x00000034   Code   RO         1563    !!!scatter          c_w.l(__scatter.o)
    0x0000044c   0x0000001a   Code   RO         1565    !!handler_copy      c_w.l(__scatter_copy.o)
    0x00000466   0x00000002   PAD
    0x00000468   0x0000001c   Code   RO         1567    !!handler_zi        c_w.l(__scatter_zi.o)
    0x00000484   0x00000002   Code   RO         1450    .ARM.Collect$$libinit$$00000000  c_w.l(libinit.o)
    0x00000486   0x00000004   Code   RO         1461    .ARM.Collect$$libinit$$00000001  c_w.l(libinit2.o)
    0x0000048a   0x00000000   Code   RO         1464    .ARM.Collect$$libinit$$00000004  c_w.l(libinit2.o)
    0x0000048a   0x00000000   Code   RO         1467    .ARM.Collect$$libinit$$0000000A  c_w.l(libinit2.o)
    0x0000048a   0x00000000   Code   RO         1469    .ARM.Collect$$libinit$$0000000C  c_w.l(libinit2.o)
    0x0000048a   0x00000000   Code   RO         1471    .ARM.Collect$$libinit$$0000000E  c_w.l(libinit2.o)
    0x0000048a   0x00000000   Code   RO         1474    .ARM.Collect$$libinit$$00000011  c_w.l(libinit2.o)
    0x0000048a   0x00000000   Code   RO         1476    .ARM.Collect$$libinit$$00000013  c_w.l(libinit2.o)
    0x0000048a   0x00000000   Code   RO         1478    .ARM.Collect$$libinit$$00000015  c_w.l(libinit2.o)
    0x0000048a   0x00000000   Code   RO         1480    .ARM.Collect$$libinit$$00000017  c_w.l(libinit2.o)
    0x0000048a   0x00000000   Code   RO         1482    .ARM.Collect$$libinit$$00000019  c_w.l(libinit2.o)
    0x0000048a   0x00000000   Code   RO         1484    .ARM.Collect$$libinit$$0000001B  c_w.l(libinit2.o)
    0x0000048a   0x00000000   Code   RO         1486    .ARM.Collect$$libinit$$0000001D  c_w.l(libinit2.o)
    0x0000048a   0x00000000   Code   RO         1488    .ARM.Collect$$libinit$$0000001F  c_w.l(libinit2.o)
    0x0000048a   0x00000000   Code   RO         1490    .ARM.Collect$$libinit$$00000021  c_w.l(libinit2.o)
    0x0000048a   0x00000000   Code   RO         1492    .ARM.Collect$$libinit$$00000023  c_w.l(libinit2.o)
    0x0000048a   0x00000000   Code   RO         1494    .ARM.Collect$$libinit$$00000025  c_w.l(libinit2.o)
    0x0000048a   0x00000000   Code   RO         1498    .ARM.Collect$$libinit$$0000002C  c_w.l(libinit2.o)
    0x0000048a   0x00000000   Code   RO         1500    .ARM.Collect$$libinit$$0000002E  c_w.l(libinit2.o)
    0x0000048a   0x00000000   Code   RO         1502    .ARM.Collect$$libinit$$00000030  c_w.l(libinit2.o)
    0x0000048a   0x00000000   Code   RO         1504    .ARM.Collect$$libinit$$00000032  c_w.l(libinit2.o)
    0x0000048a   0x00000002   Code   RO         1505    .ARM.Collect$$libinit$$00000033  c_w.l(libinit2.o)
    0x0000048c   0x00000002   Code   RO         1451    .ARM.Collect$$libshutdown$$00000000  c_w.l(libshutdown.o)
    0x0000048e   0x00000000   Code   RO         1508    .ARM.Collect$$libshutdown$$00000003  c_w.l(libshutdown2.o)
    0x0000048e   0x00000000   Code   RO         1511    .ARM.Collect$$libshutdown$$00000006  c_w.l(libshutdown2.o)
    0x0000048e   0x00000000   Code   RO         1514    .ARM.Collect$$libshutdown$$00000009  c_w.l(libshutdown2.o)
    0x0000048e   0x00000000   Code   RO         1516    .ARM.Collect$$libshutdown$$0000000B  c_w.l(libshutdown2.o)
    0x0000048e   0x00000000   Code   RO         1519    .ARM.Collect$$libshutdown$$0000000E  c_w.l(libshutdown2.o)
    0x0000048e   0x00000002   Code   RO         1520    .ARM.Collect$$libshutdown$$0000000F  c_w.l(libshutdown2.o)
    0x00000490   0x00000000   Code   RO         1405    .ARM.Collect$$rtentry$$00000000  c_w.l(__rtentry.o)
    0x00000490   0x00000000   Code   RO         1413    .ARM.Collect$$rtentry$$00000002  c_w.l(__rtentry2.o)
    0x00000490   0x00000006   Code   RO         1425    .ARM.Collect$$rtentry$$00000004  c_w.l(__rtentry4.o)
    0x00000496   0x00000000   Code   RO         1415    .ARM.Collect$$rtentry$$00000009  c_w.l(__rtentry2.o)
    0x00000496   0x00000004   Code   RO         1416    .ARM.Collect$$rtentry$$0000000A  c_w.l(__rtentry2.o)
    0x0000049a   0x00000008   Code   RO         1417    .ARM.Collect$$rtentry$$0000000B  c_w.l(__rtentry2.o)
    0x000004a2   0x00000008   Code   RO         1419    .ARM.Collect$$rtentry$$0000000D  c_w.l(__rtentry2.o)
    0x000004aa   0x00000002   Code   RO         1406    .ARM.Collect$$rtexit$$00000000  c_w.l(rtexit.o)
    0x000004ac   0x00000000   Code   RO         1428    .ARM.Collect$$rtexit$$00000002  c_w.l(rtexit2.o)
    0x000004ac   0x00000004   Code   RO         1429    .ARM.Collect$$rtexit$$00000003  c_w.l(rtexit2.o)
    0x000004b0   0x00000006   Code   RO         1430    .ARM.Collect$$rtexit$$00000004  c_w.l(rtexit2.o)
    0x000004b6   0x00000002   PAD
    0x000004b8   0x0000001c   Code   RO           76    .emb_text           rtx_conf_cm.o
    0x000004d4   0x00000180   Code   RO         1379    .emb_text           RTX_CM4.lib(hal_cm4.o)
    0x00000654   0x00000048   Code   RO          138    .text               startup_mk64f12.o
    0x0000069c   0x00000008   Code   RO         1394    .text               c_w.l(libspace.o)
    0x000006a4   0x0000000c   Code   RO         1399    .text               c_w.l(exit.o)
    0x000006b0   0x00000006   Code   RO         1401    .text               c_w.l(heapauxi.o)
    0x000006b6   0x00000002   PAD
    0x000006b8   0x0000000c   Code   RO         1436    .text               c_w.l(sys_exit.o)
    0x000006c4   0x0000004a   Code   RO         1438    .text               c_w.l(sys_stackheap_outer.o)
    0x0000070e   0x00000002   Code   RO         1452    .text               c_w.l(use_no_semi.o)
    0x00000710   0x00000000   Code   RO         1454    .text               c_w.l(indicate_semi.o)
    0x00000710   0x00000004   Code   RO         1389    SVC_TABLE           RTX_CM4.lib(svc_table.o)
    0x00000714   0x0000001c   Code   RO            4    i.Blink             main.o
    0x00000730   0x0000003c   Code   RO            5    i.LED_Initialize    main.o
    0x0000076c   0x000000a0   Code   RO          148    i.SystemInit        system_mk64f12.o
    0x0000080c   0x00000046   Code   RO         1273    i._init_box         RTX_CM4.lib(rt_membox.o)
    0x00000852   0x00000002   PAD
    0x00000854   0x00000020   Code   RO           78    i._mutex_acquire    rtx_conf_cm.o
    0x00000874   0x0000001c   Code   RO           80    i._mutex_release    rtx_conf_cm.o
    0x00000890   0x00000030   Code   RO         1326    i.dbg_init          RTX_CM4.lib(hal_cm.o)
    0x000008c0   0x00000020   Code   RO         1327    i.dbg_task_notify   RTX_CM4.lib(hal_cm.o)
    0x000008e0   0x00000010   Code   RO         1328    i.dbg_task_switch   RTX_CM4.lib(hal_cm.o)
    0x000008f0   0x0000002a   Code   RO          183    i.isrMessageGet     RTX_CM4.lib(rt_cmsis.o)
    0x0000091a   0x0000002c   Code   RO          184    i.isrMessagePut     RTX_CM4.lib(rt_cmsis.o)
    0x00000946   0x00000002   PAD
    0x00000948   0x00000052   Code   RO         1128    i.isr_mbx_receive   RTX_CM4.lib(rt_mailbox.o)
    0x0000099a   0x0000000e   Code   RO         1129    i.isr_mbx_send      RTX_CM4.lib(rt_mailbox.o)
    0x000009a8   0x00000024   Code   RO            6    i.main              main.o
    0x000009cc   0x00000018   Code   RO          187    i.osDelay           RTX_CM4.lib(rt_cmsis.o)
    0x000009e4   0x00000024   Code   RO          188    i.osKernelInitialize  RTX_CM4.lib(rt_cmsis.o)
    0x00000a08   0x0000006c   Code   RO          190    i.osKernelStart     RTX_CM4.lib(rt_cmsis.o)
    0x00000a74   0x00000018   Code   RO          199    i.osMessageGet      RTX_CM4.lib(rt_cmsis.o)
    0x00000a8c   0x00000030   Code   RO          216    i.osThreadCreate    RTX_CM4.lib(rt_cmsis.o)
    0x00000abc   0x00000018   Code   RO          217    i.osThreadExit      RTX_CM4.lib(rt_cmsis.o)
    0x00000ad4   0x0000000c   Code   RO          223    i.osTimerCall       RTX_CM4.lib(rt_cmsis.o)
    0x00000ae0   0x0000002c   Code   RO          228    i.osTimerThread     RTX_CM4.lib(rt_cmsis.o)
    0x00000b0c   0x00000020   Code   RO           81    i.os_error          rtx_conf_cm.o
    0x00000b2c   0x00000004   Code   RO           82    i.os_idle_demon     rtx_conf_cm.o
    0x00000b30   0x00000028   Code   RO          920    i.os_tick_init      RTX_CM4.lib(rt_system.o)
    0x00000b58   0x00000002   Code   RO          921    i.os_tick_irqack    RTX_CM4.lib(rt_system.o)
    0x00000b5a   0x0000001a   Code   RO         1274    i.rt_alloc_box      RTX_CM4.lib(rt_membox.o)
    0x00000b74   0x0000003e   Code   RO         1302    i.rt_alloc_mem      RTX_CM4.lib(rt_memory.o)
    0x00000bb2   0x00000002   PAD
    0x00000bb4   0x00000038   Code   RO          805    i.rt_block          RTX_CM4.lib(rt_task.o)
    0x00000bec   0x00000048   Code   RO         1251    i.rt_chk_robin      RTX_CM4.lib(rt_robin.o)
    0x00000c34   0x00000070   Code   RO         1052    i.rt_dec_dly        RTX_CM4.lib(rt_list.o)
    0x00000ca4   0x00000044   Code   RO          806    i.rt_dispatch       RTX_CM4.lib(rt_task.o)
    0x00000ce8   0x00000006   Code   RO         1218    i.rt_dly_wait       RTX_CM4.lib(rt_time.o)
    0x00000cee   0x00000002   PAD
    0x00000cf0   0x00000050   Code   RO         1013    i.rt_evt_psh        RTX_CM4.lib(rt_event.o)
    0x00000d40   0x00000020   Code   RO         1275    i.rt_free_box       RTX_CM4.lib(rt_membox.o)
    0x00000d60   0x00000028   Code   RO         1303    i.rt_free_mem       RTX_CM4.lib(rt_memory.o)
    0x00000d88   0x00000028   Code   RO         1053    i.rt_get_first      RTX_CM4.lib(rt_list.o)
    0x00000db0   0x00000008   Code   RO          233    i.rt_id2obj         RTX_CM4.lib(rt_cmsis.o)
    0x00000db8   0x00000048   Code   RO          807    i.rt_init_context   RTX_CM4.lib(rt_task.o)
    0x00000e00   0x0000001a   Code   RO         1304    i.rt_init_mem       RTX_CM4.lib(rt_memory.o)
    0x00000e1a   0x00000002   PAD
    0x00000e1c   0x00000018   Code   RO         1252    i.rt_init_robin     RTX_CM4.lib(rt_robin.o)
    0x00000e34   0x00000080   Code   RO         1329    i.rt_init_stack     RTX_CM4.lib(hal_cm.o)
    0x00000eb4   0x00000008   Code   RO         1130    i.rt_mbx_check      RTX_CM4.lib(rt_mailbox.o)
    0x00000ebc   0x0000001a   Code   RO         1131    i.rt_mbx_init       RTX_CM4.lib(rt_mailbox.o)
    0x00000ed6   0x00000002   PAD
    0x00000ed8   0x000000f0   Code   RO         1132    i.rt_mbx_psh        RTX_CM4.lib(rt_mailbox.o)
    0x00000fc8   0x000000b4   Code   RO         1134    i.rt_mbx_wait       RTX_CM4.lib(rt_mailbox.o)
    0x0000107c   0x0000003c   Code   RO          234    i.rt_ms2tick        RTX_CM4.lib(rt_cmsis.o)
    0x000010b8   0x000000d8   Code   RO          891    i.rt_mut_release    RTX_CM4.lib(rt_mutex.o)
    0x00001190   0x00000068   Code   RO          892    i.rt_mut_wait       RTX_CM4.lib(rt_mutex.o)
    0x000011f8   0x0000007c   Code   RO          924    i.rt_pop_req        RTX_CM4.lib(rt_system.o)
    0x00001274   0x00000020   Code   RO          925    i.rt_psh_req        RTX_CM4.lib(rt_system.o)
    0x00001294   0x0000005c   Code   RO         1055    i.rt_psq_enq        RTX_CM4.lib(rt_list.o)
    0x000012f0   0x00000048   Code   RO         1056    i.rt_put_dly        RTX_CM4.lib(rt_list.o)
    0x00001338   0x00000036   Code   RO         1057    i.rt_put_prio       RTX_CM4.lib(rt_list.o)
    0x0000136e   0x00000002   PAD
    0x00001370   0x00000014   Code   RO         1058    i.rt_put_rdy_first  RTX_CM4.lib(rt_list.o)
    0x00001384   0x00000034   Code   RO         1059    i.rt_resort_prio    RTX_CM4.lib(rt_list.o)
    0x000013b8   0x00000010   Code   RO         1330    i.rt_ret_regs       RTX_CM4.lib(hal_cm.o)
    0x000013c8   0x0000000c   Code   RO         1331    i.rt_ret_val        RTX_CM4.lib(hal_cm.o)
    0x000013d4   0x00000010   Code   RO         1332    i.rt_ret_val2       RTX_CM4.lib(hal_cm.o)
    0x000013e4   0x00000028   Code   RO         1060    i.rt_rmv_dly        RTX_CM4.lib(rt_list.o)
    0x0000140c   0x00000030   Code   RO         1061    i.rt_rmv_list       RTX_CM4.lib(rt_list.o)
    0x0000143c   0x00000034   Code   RO         1179    i.rt_sem_psh        RTX_CM4.lib(rt_semaphore.o)
    0x00001470   0x00000024   Code   RO          927    i.rt_stk_check      RTX_CM4.lib(rt_system.o)
    0x00001494   0x00000028   Code   RO          808    i.rt_switch_req     RTX_CM4.lib(rt_task.o)
    0x000014bc   0x000000cc   Code   RO          809    i.rt_sys_init       RTX_CM4.lib(rt_task.o)
    0x00001588   0x00000078   Code   RO          810    i.rt_sys_start      RTX_CM4.lib(rt_task.o)
    0x00001600   0x00000040   Code   RO          929    i.rt_systick        RTX_CM4.lib(rt_system.o)
    0x00001640   0x00000012   Code   RO          235    i.rt_tid2ptcb       RTX_CM4.lib(rt_cmsis.o)
    0x00001652   0x00000002   PAD
    0x00001654   0x00000034   Code   RO          236    i.rt_timer_insert   RTX_CM4.lib(rt_cmsis.o)
    0x00001688   0x00000080   Code   RO          811    i.rt_tsk_create     RTX_CM4.lib(rt_task.o)
    0x00001708   0x00000174   Code   RO          812    i.rt_tsk_delete     RTX_CM4.lib(rt_task.o)
    0x0000187c   0x0000007c   Code   RO          814    i.rt_tsk_prio       RTX_CM4.lib(rt_task.o)
    0x000018f8   0x00000010   Code   RO          815    i.rt_tsk_self       RTX_CM4.lib(rt_task.o)
    0x00001908   0x00000014   Code   RO          238    i.svcDelay          RTX_CM4.lib(rt_cmsis.o)
    0x0000191c   0x00000070   Code   RO          239    i.svcKernelInitialize  RTX_CM4.lib(rt_cmsis.o)
    0x0000198c   0x00000048   Code   RO          241    i.svcKernelStart    RTX_CM4.lib(rt_cmsis.o)
    0x000019d4   0x00000024   Code   RO          244    i.svcMessageCreate  RTX_CM4.lib(rt_cmsis.o)
    0x000019f8   0x0000003a   Code   RO          245    i.svcMessageGet     RTX_CM4.lib(rt_cmsis.o)
    0x00001a32   0x00000002   PAD
    0x00001a34   0x00000070   Code   RO          259    i.svcThreadCreate   RTX_CM4.lib(rt_cmsis.o)
    0x00001aa4   0x0000001c   Code   RO          260    i.svcThreadGetId    RTX_CM4.lib(rt_cmsis.o)
    0x00001ac0   0x00000038   Code   RO          263    i.svcThreadTerminate  RTX_CM4.lib(rt_cmsis.o)
    0x00001af8   0x00000018   Code   RO          265    i.svcTimerCall      RTX_CM4.lib(rt_cmsis.o)
    0x00001b10   0x0000005c   Code   RO          274    i.sysTimerTick      RTX_CM4.lib(rt_cmsis.o)
    0x00001b6c   0x0000000a   Code   RO         1527    x$fpl$fpinit        fz_wm.l(fpinit.o)
    0x00001b76   0x00000002   PAD
    0x00001b78   0x00000010   Data   RO            7    .constdata          main.o
    0x00001b88   0x00000056   Data   RO           84    .constdata          rtx_conf_cm.o
    0x00001bde   0x00000002   PAD
    0x00001be0   0x00000020   Data   RO         1561    Region$$Table       anon$$obj.o


    Execution Region RW_IRAM1 (Base: 0x20000000, Size: 0x000010e0, Max: 0x00030000, ABSOLUTE)

    Base Addr    Size         Type   Attr      Idx    E Section Name        Object

    0x20000000   0x00000024   Data   RW           85    .data               rtx_conf_cm.o
    0x20000024   0x00000008   Data   RW          277    .data               RTX_CM4.lib(rt_cmsis.o)
    0x2000002c   0x00000008   Data   RW          817    .data               RTX_CM4.lib(rt_task.o)
    0x20000034   0x00000008   Data   RW          932    .data               RTX_CM4.lib(rt_system.o)
    0x2000003c   0x00000004   Data   RW         1222    .data               RTX_CM4.lib(rt_time.o)
    0x20000040   0x00000008   Data   RW         1253    .data               RTX_CM4.lib(rt_robin.o)
    0x20000048   0x00000001   Data   RW         1333    .data               RTX_CM4.lib(hal_cm.o)
    0x20000049   0x00000007   PAD
    0x20000050   0x00000bc8   Zero   RW           83    .bss                rtx_conf_cm.o
    0x20000c18   0x00000034   Zero   RW          816    .bss                RTX_CM4.lib(rt_task.o)
    0x20000c4c   0x00000030   Zero   RW         1062    .bss                RTX_CM4.lib(rt_list.o)
    0x20000c7c   0x00000060   Zero   RW         1395    .bss                c_w.l(libspace.o)
    0x20000cdc   0x00000004   PAD
    0x20000ce0   0x00000000   Zero   RW          135    HEAP                startup_mk64f12.o
    0x20000ce0   0x00000400   Zero   RW          134    STACK               startup_mk64f12.o


==============================================================================

Image component sizes


      Code (inc. data)   RO Data    RW Data    ZI Data      Debug   Object Name

       124         22         16          0          0      10348   main.o
       124         26         86         36       3016       9079   rtx_conf_cm.o
        88         44       1024          0       1024       1092   startup_mk64f12.o
       160         24          0          0          0        541   system_mk64f12.o

    ----------------------------------------------------------------------
       496        116       1160         36       4040      21060   Object Totals
         0          0         32          0          0          0   (incl. Generated)
         0          0          2          0          0          0   (incl. Padding)

    ----------------------------------------------------------------------

      Code (inc. data)   RO Data    RW Data    ZI Data      Debug   Library Member Name

       268         24          0          1          0       4128   hal_cm.o
       384         28          0          0          0        796   hal_cm4.o
      1154        146          0          8          0      31014   rt_cmsis.o
        80          4          0          0          0        613   rt_event.o
       530         34          0          0         48       7765   rt_list.o
       550         10          0          0          0       3661   rt_mailbox.o
       128          0          0          0          0       1821   rt_membox.o
       128          0          0          0          0       2203   rt_memory.o
       320         12          0          0          0       1491   rt_mutex.o
        96         22          0          8          0       1230   rt_robin.o
        52          4          0          0          0        557   rt_semaphore.o
       298         52          0          8          0       6239   rt_system.o
      1200        174          0          8         52       9253   rt_task.o
         6          0          0          4          0        668   rt_time.o
         4          4          0          0          0        200   svc_table.o
         8          0          0          0          0         68   __main.o
         0          0          0          0          0          0   __rtentry.o
        20          0          0          0          0          0   __rtentry2.o
         6          0          0          0          0          0   __rtentry4.o
        52          8          0          0          0          0   __scatter.o
        26          0          0          0          0          0   __scatter_copy.o
        28          0          0          0          0          0   __scatter_zi.o
        12          0          0          0          0         72   exit.o
         6          0          0          0          0        152   heapauxi.o
         0          0          0          0          0          0   indicate_semi.o
         2          0          0          0          0          0   libinit.o
         6          0          0          0          0          0   libinit2.o
         2          0          0          0          0          0   libshutdown.o
         2          0          0          0          0          0   libshutdown2.o
         8          4          0          0         96         68   libspace.o
         2          0          0          0          0          0   rtexit.o
        10          0          0          0          0          0   rtexit2.o
        12          4          0          0          0         68   sys_exit.o
        74          0          0          0          0         80   sys_stackheap_outer.o
         2          0          0          0          0         68   use_no_semi.o
        10          0          0          0          0        116   fpinit.o

    ----------------------------------------------------------------------
      5512        530          0         40        204      72331   Library Totals
        26          0          0          3          8          0   (incl. Padding)

    ----------------------------------------------------------------------

      Code (inc. data)   RO Data    RW Data    ZI Data      Debug   Library Name

      5198        514          0         37        100      71639   RTX_CM4.lib
       278         16          0          0         96        576   c_w.l
        10          0          0          0          0        116   fz_wm.l

    ----------------------------------------------------------------------
      5512        530          0         40        204      72331   Library Totals

    ----------------------------------------------------------------------

==============================================================================


      Code (inc. data)   RO Data    RW Data    ZI Data      Debug   

      6008        646       1160         76       4244      85635   Grand Totals
      6008        646       1160         76       4244      85635   ELF Image Totals
      6008        646       1160         76          0          0   ROM Totals

==============================================================================

    Total RO  Size (Code + RO Data)                 7168 (   7.00kB)
    Total RW  Size (RW Data + ZI Data)              4320 (   4.22kB)
    Total ROM Size (Code + RO Data + RW Data)       7244 (   7.07kB)

==============================================================================

